{"level":"info","message":"isAuthenticated() called","timestamp":"2025-01-25T17:39:27.095Z"}
{"level":"info","message":"user accessing login page, user_id: undefined","timestamp":"2025-01-25T17:39:27.255Z"}
{"level":"info","message":"Successfully connected to DB: postgres@localhost:5432","timestamp":"2025-01-25T17:39:27.989Z"}
{"level":"info","message":"login server action called","timestamp":"2025-01-25T17:39:41.998Z"}
{"level":"info","message":"Creating Session for: 58","timestamp":"2025-01-25T17:39:42.050Z"}
{"level":"info","message":"Successfully connected to DB: postgres@localhost:5432","timestamp":"2025-01-25T17:39:45.154Z"}
{"level":"info","message":"user accessing article page: Why AAPL stock will be greater than 300.00 by market close on the 12th of December 2029","timestamp":"2025-01-25T17:39:45.619Z"}
{"level":"info","message":"fetchArticleBySlug called by user 58","timestamp":"2025-01-25T17:39:45.620Z"}
{"level":"info","message":"user accessing article page, generating metadata for: Why AAPL stock will be greater than 300.00 by market close on the 12th of December 2029","timestamp":"2025-01-25T17:39:45.621Z"}
{"level":"info","message":"Successfully connected to DB: postgres@localhost:5432","timestamp":"2025-01-25T17:39:45.638Z"}
{"level":"info","message":"getPriceByTickers called","timestamp":"2025-01-25T17:40:46.101Z"}
{"level":"info","message":"executing getTickerPrices...","timestamp":"2025-01-25T17:40:46.102Z"}
{"level":"info","message":"Successfully connected to DB: postgres@localhost:5432","timestamp":"2025-01-25T17:40:46.110Z"}
{"level":"info","message":"scheduling stock feed websocket...","timestamp":"2025-01-25T17:40:46.110Z"}
{"level":"info","message":"executing scheduleWebSocketLifecycle...","timestamp":"2025-01-25T17:40:46.111Z"}
{"level":"info","message":"executing checkAndScheduleWebSocket...","timestamp":"2025-01-25T17:40:46.111Z"}
{"level":"info","message":"Market is open. Ensuring WebSocket is connected.","timestamp":"2025-01-25T17:40:46.113Z"}
{"level":"info","message":"executing connectWebSocket... (already_connected: false)","timestamp":"2025-01-25T17:40:46.113Z"}
{"level":"info","message":"initializing stock feed","timestamp":"2025-01-25T17:40:46.113Z"}
{"level":"info","message":"WebSocket connection established.","timestamp":"2025-01-25T17:40:46.115Z"}
{"level":"info","message":"Scheduling WebSocket disconnection in 12913.889 seconds.","timestamp":"2025-01-25T17:40:46.115Z"}
{"level":"info","message":"Scheduling next day's stock websocket check in 40753.885 seconds.","timestamp":"2025-01-25T17:40:46.116Z"}
{"level":"info","message":"Subscribing to the minute aggregates channel for tickers","timestamp":"2025-01-25T17:40:46.580Z"}
{"level":"info","message":"Successfully connected to DB: postgres@localhost:5432","timestamp":"2025-01-25T17:40:46.840Z"}
{"level":"info","message":"getPriceByTickers called","timestamp":"2025-01-25T17:41:46.133Z"}
{"level":"info","message":"executing getTickerPrices...","timestamp":"2025-01-25T17:41:46.133Z"}
{"level":"info","message":"Successfully connected to DB: postgres@localhost:5432","timestamp":"2025-01-25T17:41:46.915Z"}
{"level":"info","message":"getPriceByTickers called","timestamp":"2025-01-25T17:42:46.144Z"}
{"level":"info","message":"executing getTickerPrices...","timestamp":"2025-01-25T17:42:46.145Z"}
{"level":"info","message":"Successfully connected to DB: postgres@localhost:5432","timestamp":"2025-01-25T17:42:46.961Z"}
{"level":"info","message":"user accessing article page: Why AAPL stock will be greater than 300.00 by market close on the 12th of December 2029","timestamp":"2025-01-25T17:43:25.893Z"}
{"level":"info","message":"fetchArticleBySlug called by user 58","timestamp":"2025-01-25T17:43:25.894Z"}
{"level":"info","message":"user accessing article page, generating metadata for: Why AAPL stock will be greater than 300.00 by market close on the 12th of December 2029","timestamp":"2025-01-25T17:43:25.895Z"}
{"level":"info","message":"Successfully connected to DB: postgres@localhost:5432","timestamp":"2025-01-25T17:43:25.903Z"}
{"level":"info","message":"user accessing article page: Why AAPL stock will be greater than 300.00 by market close on the 12th of December 2029","timestamp":"2025-01-25T17:43:25.934Z"}
{"level":"info","message":"fetchArticleBySlug called by user 58","timestamp":"2025-01-25T17:43:25.934Z"}
{"level":"info","message":"user accessing article page, generating metadata for: Why AAPL stock will be greater than 300.00 by market close on the 12th of December 2029","timestamp":"2025-01-25T17:43:25.935Z"}
{"level":"info","message":"Successfully connected to DB: postgres@localhost:5432","timestamp":"2025-01-25T17:43:26.503Z"}
{"level":"info","message":"getPriceByTickers called","timestamp":"2025-01-25T17:43:46.182Z"}
{"level":"info","message":"executing getTickerPrices...","timestamp":"2025-01-25T17:43:46.183Z"}
{"level":"info","message":"Successfully connected to DB: postgres@localhost:5432","timestamp":"2025-01-25T17:43:46.189Z"}
{"level":"info","message":"scheduling stock feed websocket...","timestamp":"2025-01-25T17:43:46.190Z"}
{"level":"info","message":"executing scheduleWebSocketLifecycle...","timestamp":"2025-01-25T17:43:46.190Z"}
{"level":"info","message":"executing checkAndScheduleWebSocket...","timestamp":"2025-01-25T17:43:46.190Z"}
{"level":"info","message":"Market is open. Ensuring WebSocket is connected.","timestamp":"2025-01-25T17:43:46.191Z"}
{"level":"info","message":"executing connectWebSocket... (already_connected: false)","timestamp":"2025-01-25T17:43:46.192Z"}
{"level":"info","message":"initializing stock feed","timestamp":"2025-01-25T17:43:46.192Z"}
{"level":"info","message":"WebSocket connection established.","timestamp":"2025-01-25T17:43:46.193Z"}
{"level":"info","message":"Scheduling WebSocket disconnection in 12733.81 seconds.","timestamp":"2025-01-25T17:43:46.194Z"}
{"level":"info","message":"Scheduling next day's stock websocket check in 40573.806 seconds.","timestamp":"2025-01-25T17:43:46.195Z"}
{"level":"info","message":"Subscribing to the minute aggregates channel for tickers","timestamp":"2025-01-25T17:43:46.615Z"}
{"level":"info","message":"Successfully connected to DB: postgres@localhost:5432","timestamp":"2025-01-25T17:43:46.906Z"}
{"level":"info","message":"WebSocket closed.","timestamp":"2025-01-25T17:43:47.889Z"}
{"level":"info","message":"getPriceByTickers called","timestamp":"2025-01-25T17:45:03.134Z"}
{"level":"info","message":"executing getTickerPrices...","timestamp":"2025-01-25T17:45:03.134Z"}
{"level":"info","message":"Successfully connected to DB: postgres@localhost:5432","timestamp":"2025-01-25T17:45:03.915Z"}
{"level":"info","message":"getPriceByTickers called","timestamp":"2025-01-25T17:46:03.123Z"}
{"level":"info","message":"executing getTickerPrices...","timestamp":"2025-01-25T17:46:03.123Z"}
{"level":"info","message":"Successfully connected to DB: postgres@localhost:5432","timestamp":"2025-01-25T17:46:03.887Z"}
{"level":"info","message":"getPriceByTickers called","timestamp":"2025-01-25T17:47:03.128Z"}
{"level":"info","message":"executing getTickerPrices...","timestamp":"2025-01-25T17:47:03.128Z"}
{"level":"info","message":"Successfully connected to DB: postgres@localhost:5432","timestamp":"2025-01-25T17:47:03.913Z"}
{"level":"info","message":"getPriceByTickers called","timestamp":"2025-01-25T17:48:03.122Z"}
{"level":"info","message":"executing getTickerPrices...","timestamp":"2025-01-25T17:48:03.123Z"}
{"level":"info","message":"Successfully connected to DB: postgres@localhost:5432","timestamp":"2025-01-25T17:48:03.923Z"}
{"level":"info","message":"user accessing article page: Why AAPL stock will be greater than 300.00 by market close on the 12th of December 2029","timestamp":"2025-01-25T17:48:07.149Z"}
{"level":"info","message":"fetchArticleBySlug called by user 58","timestamp":"2025-01-25T17:48:07.150Z"}
{"level":"info","message":"user accessing article page, generating metadata for: Why AAPL stock will be greater than 300.00 by market close on the 12th of December 2029","timestamp":"2025-01-25T17:48:07.151Z"}
{"level":"info","message":"Successfully connected to DB: postgres@localhost:5432","timestamp":"2025-01-25T17:48:07.838Z"}
{"level":"info","message":"isAuthenticated() called","timestamp":"2025-01-25T17:48:12.080Z"}
{"level":"info","message":"user accessing home page, user_id: 58","timestamp":"2025-01-25T17:48:12.088Z"}
{"level":"info","message":"Successfully connected to DB: postgres@localhost:5432","timestamp":"2025-01-25T17:48:12.100Z"}
{"level":"info","message":"isAuthenticated() called","timestamp":"2025-01-25T17:48:12.453Z"}
{"level":"info","message":"user accessing home page, user_id: 58","timestamp":"2025-01-25T17:48:12.528Z"}
{"level":"info","message":"loadFeed called by user: 58","timestamp":"2025-01-25T17:48:12.529Z"}
{"level":"info","message":"Successfully connected to DB: postgres@localhost:5432","timestamp":"2025-01-25T17:48:12.545Z"}
{"level":"info","message":"loadFeed called by user: 58","timestamp":"2025-01-25T17:48:12.558Z"}
{"level":"info","message":"isAuthenticated() called","timestamp":"2025-01-25T17:48:12.585Z"}
{"level":"info","message":"user accessing home page, user_id: 58","timestamp":"2025-01-25T17:48:12.588Z"}
{"level":"info","message":"user accessing profile page, user_id: 58","timestamp":"2025-01-25T17:48:17.220Z"}
{"level":"info","message":"user accessing profile page, user_id: 58","timestamp":"2025-01-25T17:48:17.730Z"}
{"level":"info","message":"loadFeed called by user: 58","timestamp":"2025-01-25T17:48:17.732Z"}
{"level":"info","message":"Successfully connected to DB: postgres@localhost:5432","timestamp":"2025-01-25T17:48:17.754Z"}
{"level":"info","message":"getUserStats called by user: 58","timestamp":"2025-01-25T17:48:17.830Z"}
{"level":"info","message":"loadFeed called by user: 58","timestamp":"2025-01-25T17:48:17.865Z"}
{"level":"info","message":"user accessing profile page, user_id: 58","timestamp":"2025-01-25T17:48:17.896Z"}
{"level":"info","message":"logout server action called","timestamp":"2025-01-25T17:48:21.408Z"}
{"level":"error","message":"An error occurred in logout: Error: NEXT_REDIRECT","timestamp":"2025-01-25T17:48:21.409Z"}
{"level":"info","message":"user accessing profile page, user_id: undefined","timestamp":"2025-01-25T17:48:21.414Z"}
{"level":"error","message":"an error occurred accessing profile page: Error: NEXT_REDIRECT","timestamp":"2025-01-25T17:48:21.414Z"}
{"level":"info","message":"isAuthenticated() called","timestamp":"2025-01-25T17:48:21.479Z"}
{"level":"info","message":"user accessing login page, user_id: undefined","timestamp":"2025-01-25T17:48:21.481Z"}
{"level":"info","message":"Successfully connected to DB: postgres@localhost:5432","timestamp":"2025-01-25T17:48:21.490Z"}
{"level":"info","message":"user accessing signup page","timestamp":"2025-01-25T17:48:24.763Z"}
{"level":"info","message":"isAuthenticated() called","timestamp":"2025-01-25T17:48:26.427Z"}
{"level":"info","message":"user accessing home page, user_id: undefined","timestamp":"2025-01-25T17:48:26.431Z"}
{"level":"info","message":"Successfully connected to DB: postgres@localhost:5432","timestamp":"2025-01-25T17:48:26.439Z"}
{"level":"info","message":"isAuthenticated() called","timestamp":"2025-01-25T17:48:26.781Z"}
{"level":"info","message":"user accessing home page, user_id: undefined","timestamp":"2025-01-25T17:48:26.816Z"}
{"level":"info","message":"loadTable called by user: undefined","timestamp":"2025-01-25T17:48:26.816Z"}
{"level":"info","message":"Successfully connected to DB: postgres@localhost:5432","timestamp":"2025-01-25T17:48:26.825Z"}
{"level":"info","message":"isAuthenticated() called","timestamp":"2025-01-25T17:48:26.848Z"}
{"level":"info","message":"user accessing home page, user_id: undefined","timestamp":"2025-01-25T17:48:26.850Z"}
{"level":"info","message":"isAuthenticated() called","timestamp":"2025-01-25T17:48:35.358Z"}
{"level":"info","message":"isAuthenticated() called","timestamp":"2025-01-25T17:48:35.360Z"}
{"level":"info","message":"user accessing home page, user_id: undefined","timestamp":"2025-01-25T17:48:35.361Z"}
{"level":"info","message":"isAuthenticated() called","timestamp":"2025-01-25T17:48:35.391Z"}
{"level":"info","message":"user accessing login page, user_id: undefined","timestamp":"2025-01-25T17:48:35.393Z"}
{"level":"info","message":"isAuthenticated() called","timestamp":"2025-01-25T17:48:35.416Z"}
{"level":"info","message":"user accessing login page, user_id: undefined","timestamp":"2025-01-25T17:48:35.418Z"}
{"level":"info","message":"user accessing signup page","timestamp":"2025-01-25T17:48:38.296Z"}
{"level":"info","message":"isAuthenticated() called","timestamp":"2025-01-25T17:48:39.770Z"}
{"level":"info","message":"user accessing home page, user_id: undefined","timestamp":"2025-01-25T17:48:39.772Z"}
{"level":"info","message":"isAuthenticated() called","timestamp":"2025-01-25T17:48:40.123Z"}
{"level":"info","message":"loadTable called by user: undefined","timestamp":"2025-01-25T17:48:40.126Z"}
{"level":"info","message":"user accessing home page, user_id: undefined","timestamp":"2025-01-25T17:48:40.125Z"}
{"level":"info","message":"isAuthenticated() called","timestamp":"2025-01-25T17:48:40.174Z"}
{"level":"info","message":"user accessing home page, user_id: undefined","timestamp":"2025-01-25T17:48:40.178Z"}
{"level":"info","message":"isAuthenticated() called","timestamp":"2025-01-25T17:48:42.108Z"}
{"level":"info","message":"user accessing login page, user_id: undefined","timestamp":"2025-01-25T17:48:42.111Z"}
{"level":"info","message":"isAuthenticated() called","timestamp":"2025-01-25T17:55:52.151Z"}
{"level":"info","message":"user accessing login page, user_id: undefined","timestamp":"2025-01-25T17:55:52.160Z"}
{"level":"info","message":"Successfully connected to DB: postgres@localhost:5432","timestamp":"2025-01-25T17:55:52.198Z"}
{"level":"info","message":"isAuthenticated() called","timestamp":"2025-01-25T17:56:29.392Z"}
{"level":"info","message":"user accessing login page, user_id: undefined","timestamp":"2025-01-25T17:56:29.401Z"}
{"level":"info","message":"Successfully connected to DB: postgres@localhost:5432","timestamp":"2025-01-25T17:56:29.409Z"}
{"level":"info","message":"isAuthenticated() called","timestamp":"2025-01-25T17:56:31.697Z"}
{"level":"info","message":"user accessing login page, user_id: undefined","timestamp":"2025-01-25T17:56:31.817Z"}
{"level":"info","message":"isAuthenticated() called","timestamp":"2025-01-25T17:56:42.684Z"}
{"level":"info","message":"user accessing login page, user_id: undefined","timestamp":"2025-01-25T17:56:42.691Z"}
{"level":"info","message":"Successfully connected to DB: postgres@localhost:5432","timestamp":"2025-01-25T17:56:42.699Z"}
{"level":"info","message":"user accessing signup page","timestamp":"2025-01-25T17:58:53.673Z"}
{"level":"info","message":"user accessing signup page","timestamp":"2025-01-25T17:58:56.080Z"}
{"level":"info","message":"user accessing signup page","timestamp":"2025-01-25T17:59:51.559Z"}
{"level":"info","message":"isAuthenticated() called","timestamp":"2025-01-25T17:59:54.752Z"}
{"level":"info","message":"user accessing login page, user_id: undefined","timestamp":"2025-01-25T17:59:54.755Z"}
{"level":"info","message":"Successfully connected to DB: postgres@localhost:5432","timestamp":"2025-01-25T17:59:54.763Z"}
{"level":"info","message":"isAuthenticated() called","timestamp":"2025-01-25T17:59:56.494Z"}
{"level":"info","message":"user accessing login page, user_id: undefined","timestamp":"2025-01-25T17:59:56.608Z"}
{"level":"info","message":"isAuthenticated() called","timestamp":"2025-01-25T18:01:00.347Z"}
{"level":"info","message":"user accessing login page, user_id: undefined","timestamp":"2025-01-25T18:01:00.352Z"}
{"level":"info","message":"Successfully connected to DB: postgres@localhost:5432","timestamp":"2025-01-25T18:01:00.362Z"}
{"level":"info","message":"isAuthenticated() called","timestamp":"2025-01-25T18:01:03.008Z"}
{"level":"info","message":"user accessing login page, user_id: undefined","timestamp":"2025-01-25T18:01:03.519Z"}
{"level":"info","message":"isAuthenticated() called","timestamp":"2025-01-25T18:01:19.941Z"}
{"level":"info","message":"user accessing login page, user_id: undefined","timestamp":"2025-01-25T18:01:19.946Z"}
{"level":"info","message":"Successfully connected to DB: postgres@localhost:5432","timestamp":"2025-01-25T18:01:19.956Z"}
{"level":"info","message":"isAuthenticated() called","timestamp":"2025-01-25T18:01:22.773Z"}
{"level":"info","message":"user accessing login page, user_id: undefined","timestamp":"2025-01-25T18:01:22.894Z"}
{"level":"info","message":"isAuthenticated() called","timestamp":"2025-01-25T18:01:25.397Z"}
{"level":"info","message":"user accessing login page, user_id: undefined","timestamp":"2025-01-25T18:01:25.402Z"}
{"level":"info","message":"isAuthenticated() called","timestamp":"2025-01-25T18:02:55.021Z"}
{"level":"info","message":"user accessing login page, user_id: undefined","timestamp":"2025-01-25T18:02:55.027Z"}
{"level":"info","message":"Successfully connected to DB: postgres@localhost:5432","timestamp":"2025-01-25T18:02:55.037Z"}
{"level":"info","message":"isAuthenticated() called","timestamp":"2025-01-25T18:03:13.664Z"}
{"level":"info","message":"user accessing login page, user_id: undefined","timestamp":"2025-01-25T18:03:13.666Z"}
{"level":"info","message":"Successfully connected to DB: postgres@localhost:5432","timestamp":"2025-01-25T18:03:13.676Z"}
{"level":"info","message":"user accessing signup page","timestamp":"2025-01-25T18:05:01.494Z"}
{"level":"info","message":"isAuthenticated() called","timestamp":"2025-01-25T18:05:02.727Z"}
{"level":"info","message":"user accessing home page, user_id: undefined","timestamp":"2025-01-25T18:05:02.731Z"}
{"level":"info","message":"isAuthenticated() called","timestamp":"2025-01-25T18:05:03.094Z"}
{"level":"info","message":"user accessing home page, user_id: undefined","timestamp":"2025-01-25T18:05:03.190Z"}
{"level":"info","message":"loadTable called by user: undefined","timestamp":"2025-01-25T18:05:03.191Z"}
{"level":"info","message":"Successfully connected to DB: postgres@localhost:5432","timestamp":"2025-01-25T18:05:03.202Z"}
{"level":"info","message":"isAuthenticated() called","timestamp":"2025-01-25T18:05:03.221Z"}
{"level":"info","message":"user accessing home page, user_id: undefined","timestamp":"2025-01-25T18:05:03.223Z"}
{"level":"info","message":"isAuthenticated() called","timestamp":"2025-01-25T18:05:04.359Z"}
{"level":"info","message":"loadFeed called by user: undefined","timestamp":"2025-01-25T18:05:04.364Z"}
{"level":"info","message":"user accessing home page, user_id: undefined","timestamp":"2025-01-25T18:05:04.364Z"}
{"level":"info","message":"loadFeed called by user: undefined","timestamp":"2025-01-25T18:05:04.389Z"}
{"level":"info","message":"isAuthenticated() called","timestamp":"2025-01-25T18:05:04.425Z"}
{"level":"info","message":"user accessing home page, user_id: undefined","timestamp":"2025-01-25T18:05:04.427Z"}
{"level":"info","message":"user accessing article page: Why AAPL stock will be greater than 300.00 by market close on the 12th of December 2029","timestamp":"2025-01-25T18:05:05.152Z"}
{"level":"info","message":"fetchArticleBySlug called by user null","timestamp":"2025-01-25T18:05:05.152Z"}
{"level":"info","message":"user accessing article page, generating metadata for: Why AAPL stock will be greater than 300.00 by market close on the 12th of December 2029","timestamp":"2025-01-25T18:05:05.153Z"}
{"level":"info","message":"Successfully connected to DB: postgres@localhost:5432","timestamp":"2025-01-25T18:05:05.963Z"}
{"level":"info","message":"user accessing article page: Why AAPL stock will be greater than 300.00 by market close on the 12th of December 2029","timestamp":"2025-01-25T18:05:11.751Z"}
{"level":"info","message":"fetchArticleBySlug called by user null","timestamp":"2025-01-25T18:05:11.752Z"}
{"level":"info","message":"user accessing article page, generating metadata for: Why AAPL stock will be greater than 300.00 by market close on the 12th of December 2029","timestamp":"2025-01-25T18:05:11.754Z"}
{"level":"info","message":"Successfully connected to DB: postgres@localhost:5432","timestamp":"2025-01-25T18:05:11.762Z"}
{"level":"info","message":"Successfully connected to DB: postgres@localhost:5432","timestamp":"2025-01-25T18:05:12.542Z"}
{"level":"info","message":"getPriceByTickers called","timestamp":"2025-01-25T18:06:12.563Z"}
{"level":"info","message":"executing getTickerPrices...","timestamp":"2025-01-25T18:06:12.564Z"}
{"level":"info","message":"Successfully connected to DB: postgres@localhost:5432","timestamp":"2025-01-25T18:06:12.572Z"}
{"level":"info","message":"scheduling stock feed websocket...","timestamp":"2025-01-25T18:06:12.572Z"}
{"level":"info","message":"executing scheduleWebSocketLifecycle...","timestamp":"2025-01-25T18:06:12.572Z"}
{"level":"info","message":"executing checkAndScheduleWebSocket...","timestamp":"2025-01-25T18:06:12.572Z"}
{"level":"info","message":"Market is open. Ensuring WebSocket is connected.","timestamp":"2025-01-25T18:06:12.574Z"}
{"level":"info","message":"executing connectWebSocket... (already_connected: false)","timestamp":"2025-01-25T18:06:12.574Z"}
{"level":"info","message":"initializing stock feed","timestamp":"2025-01-25T18:06:12.574Z"}
{"level":"info","message":"WebSocket connection established.","timestamp":"2025-01-25T18:06:12.576Z"}
{"level":"info","message":"Scheduling WebSocket disconnection in 11387.427 seconds.","timestamp":"2025-01-25T18:06:12.577Z"}
{"level":"info","message":"Scheduling next day's stock websocket check in 39227.423 seconds.","timestamp":"2025-01-25T18:06:12.577Z"}
{"level":"info","message":"Subscribing to the minute aggregates channel for tickers","timestamp":"2025-01-25T18:06:13.123Z"}
{"level":"info","message":"Successfully connected to DB: postgres@localhost:5432","timestamp":"2025-01-25T18:06:13.303Z"}
{"level":"info","message":"WebSocket closed.","timestamp":"2025-01-25T18:06:14.249Z"}
{"level":"info","message":"getPriceByTickers called","timestamp":"2025-01-25T18:07:12.483Z"}
{"level":"info","message":"executing getTickerPrices...","timestamp":"2025-01-25T18:07:12.484Z"}
{"level":"info","message":"Successfully connected to DB: postgres@localhost:5432","timestamp":"2025-01-25T18:07:13.300Z"}
{"level":"info","message":"getPriceByTickers called","timestamp":"2025-01-25T18:08:13.255Z"}
{"level":"info","message":"executing getTickerPrices...","timestamp":"2025-01-25T18:08:13.256Z"}
{"level":"info","message":"Successfully connected to DB: postgres@localhost:5432","timestamp":"2025-01-25T18:08:13.264Z"}
{"level":"info","message":"scheduling stock feed websocket...","timestamp":"2025-01-25T18:08:13.264Z"}
{"level":"info","message":"executing scheduleWebSocketLifecycle...","timestamp":"2025-01-25T18:08:13.265Z"}
{"level":"info","message":"executing checkAndScheduleWebSocket...","timestamp":"2025-01-25T18:08:13.265Z"}
{"level":"info","message":"Market is open. Ensuring WebSocket is connected.","timestamp":"2025-01-25T18:08:13.266Z"}
{"level":"info","message":"executing connectWebSocket... (already_connected: false)","timestamp":"2025-01-25T18:08:13.267Z"}
{"level":"info","message":"initializing stock feed","timestamp":"2025-01-25T18:08:13.267Z"}
{"level":"info","message":"WebSocket connection established.","timestamp":"2025-01-25T18:08:13.268Z"}
{"level":"info","message":"Scheduling WebSocket disconnection in 11266.735 seconds.","timestamp":"2025-01-25T18:08:13.269Z"}
{"level":"info","message":"Scheduling next day's stock websocket check in 39106.731 seconds.","timestamp":"2025-01-25T18:08:13.269Z"}
{"level":"info","message":"Subscribing to the minute aggregates channel for tickers","timestamp":"2025-01-25T18:08:13.688Z"}
{"level":"info","message":"Successfully connected to DB: postgres@localhost:5432","timestamp":"2025-01-25T18:08:13.978Z"}
{"level":"info","message":"WebSocket closed.","timestamp":"2025-01-25T18:08:14.364Z"}
{"level":"info","message":"user accessing article page: Why AAPL stock will be greater than 300.00 by market close on the 12th of December 2029","timestamp":"2025-01-25T18:08:51.064Z"}
{"level":"info","message":"fetchArticleBySlug called by user null","timestamp":"2025-01-25T18:08:51.065Z"}
{"level":"info","message":"user accessing article page, generating metadata for: Why AAPL stock will be greater than 300.00 by market close on the 12th of December 2029","timestamp":"2025-01-25T18:08:51.066Z"}
{"level":"info","message":"Successfully connected to DB: postgres@localhost:5432","timestamp":"2025-01-25T18:08:51.080Z"}
{"level":"info","message":"Successfully connected to DB: postgres@localhost:5432","timestamp":"2025-01-25T18:08:51.562Z"}
{"level":"info","message":"getPriceByTickers called","timestamp":"2025-01-25T18:09:51.630Z"}
{"level":"info","message":"executing getTickerPrices...","timestamp":"2025-01-25T18:09:51.631Z"}
{"level":"info","message":"Successfully connected to DB: postgres@localhost:5432","timestamp":"2025-01-25T18:09:51.636Z"}
{"level":"info","message":"scheduling stock feed websocket...","timestamp":"2025-01-25T18:09:51.637Z"}
{"level":"info","message":"executing scheduleWebSocketLifecycle...","timestamp":"2025-01-25T18:09:51.637Z"}
{"level":"info","message":"executing checkAndScheduleWebSocket...","timestamp":"2025-01-25T18:09:51.637Z"}
{"level":"info","message":"Market is open. Ensuring WebSocket is connected.","timestamp":"2025-01-25T18:09:51.638Z"}
{"level":"info","message":"executing connectWebSocket... (already_connected: false)","timestamp":"2025-01-25T18:09:51.638Z"}
{"level":"info","message":"initializing stock feed","timestamp":"2025-01-25T18:09:51.638Z"}
{"level":"info","message":"WebSocket connection established.","timestamp":"2025-01-25T18:09:51.640Z"}
{"level":"info","message":"Scheduling WebSocket disconnection in 11168.363 seconds.","timestamp":"2025-01-25T18:09:51.640Z"}
{"level":"info","message":"Scheduling next day's stock websocket check in 39008.36 seconds.","timestamp":"2025-01-25T18:09:51.640Z"}
{"level":"info","message":"Subscribing to the minute aggregates channel for tickers","timestamp":"2025-01-25T18:09:52.056Z"}
{"level":"info","message":"Successfully connected to DB: postgres@localhost:5432","timestamp":"2025-01-25T18:09:52.391Z"}
{"level":"info","message":"WebSocket closed.","timestamp":"2025-01-25T18:09:54.000Z"}
{"level":"info","message":"getPriceByTickers called","timestamp":"2025-01-25T18:13:39.247Z"}
{"level":"info","message":"executing getTickerPrices...","timestamp":"2025-01-25T18:13:39.248Z"}
{"level":"info","message":"Successfully connected to DB: postgres@localhost:5432","timestamp":"2025-01-25T18:13:39.255Z"}
{"level":"info","message":"scheduling stock feed websocket...","timestamp":"2025-01-25T18:13:39.256Z"}
{"level":"info","message":"executing scheduleWebSocketLifecycle...","timestamp":"2025-01-25T18:13:39.256Z"}
{"level":"info","message":"executing checkAndScheduleWebSocket...","timestamp":"2025-01-25T18:13:39.256Z"}
{"level":"info","message":"Market is open. Ensuring WebSocket is connected.","timestamp":"2025-01-25T18:13:39.258Z"}
{"level":"info","message":"executing connectWebSocket... (already_connected: false)","timestamp":"2025-01-25T18:13:39.258Z"}
{"level":"info","message":"initializing stock feed","timestamp":"2025-01-25T18:13:39.258Z"}
{"level":"info","message":"WebSocket connection established.","timestamp":"2025-01-25T18:13:39.259Z"}
{"level":"info","message":"Scheduling WebSocket disconnection in 10940.744 seconds.","timestamp":"2025-01-25T18:13:39.260Z"}
{"level":"info","message":"Scheduling next day's stock websocket check in 38780.74 seconds.","timestamp":"2025-01-25T18:13:39.261Z"}
{"level":"info","message":"Subscribing to the minute aggregates channel for tickers","timestamp":"2025-01-25T18:13:39.674Z"}
{"level":"info","message":"Successfully connected to DB: postgres@localhost:5432","timestamp":"2025-01-25T18:13:39.959Z"}
{"level":"info","message":"WebSocket closed.","timestamp":"2025-01-25T18:13:40.408Z"}
{"level":"info","message":"user accessing article page: Why AAPL stock will be greater than 300.00 by market close on the 12th of December 2029","timestamp":"2025-01-25T18:18:10.309Z"}
{"level":"info","message":"fetchArticleBySlug called by user null","timestamp":"2025-01-25T18:18:10.310Z"}
{"level":"info","message":"user accessing article page, generating metadata for: Why AAPL stock will be greater than 300.00 by market close on the 12th of December 2029","timestamp":"2025-01-25T18:18:10.311Z"}
{"level":"info","message":"Successfully connected to DB: postgres@localhost:5432","timestamp":"2025-01-25T18:18:10.321Z"}
{"level":"info","message":"Successfully connected to DB: postgres@localhost:5432","timestamp":"2025-01-25T18:18:10.781Z"}
{"level":"info","message":"isAuthenticated() called","timestamp":"2025-01-25T18:18:14.342Z"}
{"level":"info","message":"user accessing home page, user_id: undefined","timestamp":"2025-01-25T18:18:14.345Z"}
{"level":"info","message":"isAuthenticated() called","timestamp":"2025-01-25T18:18:14.656Z"}
{"level":"info","message":"loadFeed called by user: undefined","timestamp":"2025-01-25T18:18:14.661Z"}
{"level":"info","message":"user accessing home page, user_id: undefined","timestamp":"2025-01-25T18:18:14.660Z"}
{"level":"info","message":"loadFeed called by user: undefined","timestamp":"2025-01-25T18:18:14.683Z"}
{"level":"info","message":"isAuthenticated() called","timestamp":"2025-01-25T18:18:14.709Z"}
{"level":"info","message":"user accessing home page, user_id: undefined","timestamp":"2025-01-25T18:18:14.711Z"}
{"level":"info","message":"isAuthenticated() called","timestamp":"2025-01-25T18:18:16.358Z"}
{"level":"info","message":"user accessing home page, user_id: undefined","timestamp":"2025-01-25T18:18:16.364Z"}
{"level":"info","message":"isAuthenticated() called","timestamp":"2025-01-25T18:18:16.810Z"}
{"level":"info","message":"loadFeed called by user: undefined","timestamp":"2025-01-25T18:18:16.813Z"}
{"level":"info","message":"user accessing home page, user_id: undefined","timestamp":"2025-01-25T18:18:16.812Z"}
{"level":"info","message":"loadFeed called by user: undefined","timestamp":"2025-01-25T18:18:16.836Z"}
{"level":"info","message":"isAuthenticated() called","timestamp":"2025-01-25T18:18:16.858Z"}
{"level":"info","message":"user accessing home page, user_id: undefined","timestamp":"2025-01-25T18:18:16.861Z"}
{"level":"info","message":"user accessing article page: Why AAPL stock will be greater than 300.00 by market close on the 12th of December 2029","timestamp":"2025-01-25T18:18:18.976Z"}
{"level":"info","message":"fetchArticleBySlug called by user null","timestamp":"2025-01-25T18:18:18.976Z"}
{"level":"info","message":"user accessing article page, generating metadata for: Why AAPL stock will be greater than 300.00 by market close on the 12th of December 2029","timestamp":"2025-01-25T18:18:18.977Z"}
{"level":"info","message":"Successfully connected to DB: postgres@localhost:5432","timestamp":"2025-01-25T18:18:19.795Z"}
{"level":"info","message":"user accessing article page: Why AAPL stock will be greater than 300.00 by market close on the 12th of December 2029","timestamp":"2025-01-25T18:18:23.686Z"}
{"level":"info","message":"fetchArticleBySlug called by user null","timestamp":"2025-01-25T18:18:23.686Z"}
{"level":"info","message":"user accessing article page, generating metadata for: Why AAPL stock will be greater than 300.00 by market close on the 12th of December 2029","timestamp":"2025-01-25T18:18:23.687Z"}
{"level":"info","message":"Successfully connected to DB: postgres@localhost:5432","timestamp":"2025-01-25T18:18:24.528Z"}
{"level":"info","message":"user accessing article page: Why AAPL stock will be greater than 300.00 by market close on the 12th of December 2029","timestamp":"2025-01-25T18:19:04.289Z"}
{"level":"info","message":"fetchArticleBySlug called by user null","timestamp":"2025-01-25T18:19:04.290Z"}
{"level":"info","message":"user accessing article page, generating metadata for: Why AAPL stock will be greater than 300.00 by market close on the 12th of December 2029","timestamp":"2025-01-25T18:19:04.290Z"}
{"level":"info","message":"Successfully connected to DB: postgres@localhost:5432","timestamp":"2025-01-25T18:19:04.303Z"}
{"level":"info","message":"Successfully connected to DB: postgres@localhost:5432","timestamp":"2025-01-25T18:19:04.793Z"}
{"level":"info","message":"user accessing article page: Why AAPL stock will be greater than 300.00 by market close on the 12th of December 2029","timestamp":"2025-01-25T18:20:17.094Z"}
{"level":"info","message":"fetchArticleBySlug called by user null","timestamp":"2025-01-25T18:20:17.095Z"}
{"level":"info","message":"user accessing article page, generating metadata for: Why AAPL stock will be greater than 300.00 by market close on the 12th of December 2029","timestamp":"2025-01-25T18:20:17.096Z"}
{"level":"info","message":"Successfully connected to DB: postgres@localhost:5432","timestamp":"2025-01-25T18:20:17.112Z"}
{"level":"info","message":"Successfully connected to DB: postgres@localhost:5432","timestamp":"2025-01-25T18:20:17.595Z"}
{"level":"info","message":"getPriceByTickers called","timestamp":"2025-01-25T18:21:17.670Z"}
{"level":"info","message":"executing getTickerPrices...","timestamp":"2025-01-25T18:21:17.670Z"}
{"level":"info","message":"Successfully connected to DB: postgres@localhost:5432","timestamp":"2025-01-25T18:21:17.679Z"}
{"level":"info","message":"scheduling stock feed websocket...","timestamp":"2025-01-25T18:21:17.680Z"}
{"level":"info","message":"executing scheduleWebSocketLifecycle...","timestamp":"2025-01-25T18:21:17.680Z"}
{"level":"info","message":"executing checkAndScheduleWebSocket...","timestamp":"2025-01-25T18:21:17.680Z"}
{"level":"info","message":"Market is open. Ensuring WebSocket is connected.","timestamp":"2025-01-25T18:21:17.682Z"}
{"level":"info","message":"executing connectWebSocket... (already_connected: false)","timestamp":"2025-01-25T18:21:17.682Z"}
{"level":"info","message":"initializing stock feed","timestamp":"2025-01-25T18:21:17.682Z"}
{"level":"info","message":"WebSocket connection established.","timestamp":"2025-01-25T18:21:17.684Z"}
{"level":"info","message":"Scheduling WebSocket disconnection in 10482.32 seconds.","timestamp":"2025-01-25T18:21:17.685Z"}
{"level":"info","message":"Scheduling next day's stock websocket check in 38322.315 seconds.","timestamp":"2025-01-25T18:21:17.685Z"}
{"level":"info","message":"Subscribing to the minute aggregates channel for tickers","timestamp":"2025-01-25T18:21:18.194Z"}
{"level":"info","message":"Successfully connected to DB: postgres@localhost:5432","timestamp":"2025-01-25T18:21:18.399Z"}
{"level":"info","message":"WebSocket closed.","timestamp":"2025-01-25T18:21:21.006Z"}
{"level":"info","message":"user accessing article page: Why AAPL stock will be greater than 300.00 by market close on the 12th of December 2029","timestamp":"2025-01-25T18:21:38.949Z"}
{"level":"info","message":"fetchArticleBySlug called by user null","timestamp":"2025-01-25T18:21:38.950Z"}
{"level":"info","message":"user accessing article page, generating metadata for: Why AAPL stock will be greater than 300.00 by market close on the 12th of December 2029","timestamp":"2025-01-25T18:21:38.951Z"}
{"level":"info","message":"Successfully connected to DB: postgres@localhost:5432","timestamp":"2025-01-25T18:21:38.963Z"}
{"level":"info","message":"Successfully connected to DB: postgres@localhost:5432","timestamp":"2025-01-25T18:21:39.456Z"}
{"level":"info","message":"user accessing article page: Why AAPL stock will be greater than 300.00 by market close on the 12th of December 2029","timestamp":"2025-01-25T18:22:21.023Z"}
{"level":"info","message":"fetchArticleBySlug called by user null","timestamp":"2025-01-25T18:22:21.024Z"}
{"level":"info","message":"user accessing article page, generating metadata for: Why AAPL stock will be greater than 300.00 by market close on the 12th of December 2029","timestamp":"2025-01-25T18:22:21.025Z"}
{"level":"info","message":"Successfully connected to DB: postgres@localhost:5432","timestamp":"2025-01-25T18:22:21.035Z"}
{"level":"info","message":"Successfully connected to DB: postgres@localhost:5432","timestamp":"2025-01-25T18:22:21.573Z"}
{"level":"info","message":"getPriceByTickers called","timestamp":"2025-01-25T18:23:22.237Z"}
{"level":"info","message":"executing getTickerPrices...","timestamp":"2025-01-25T18:23:22.238Z"}
{"level":"info","message":"scheduling stock feed websocket...","timestamp":"2025-01-25T18:23:22.247Z"}
{"level":"info","message":"executing scheduleWebSocketLifecycle...","timestamp":"2025-01-25T18:23:22.247Z"}
{"level":"info","message":"executing checkAndScheduleWebSocket...","timestamp":"2025-01-25T18:23:22.247Z"}
{"level":"info","message":"Market is open. Ensuring WebSocket is connected.","timestamp":"2025-01-25T18:23:22.249Z"}
{"level":"info","message":"executing connectWebSocket... (already_connected: false)","timestamp":"2025-01-25T18:23:22.249Z"}
{"level":"info","message":"initializing stock feed","timestamp":"2025-01-25T18:23:22.249Z"}
{"level":"info","message":"WebSocket connection established.","timestamp":"2025-01-25T18:23:22.250Z"}
{"level":"info","message":"Scheduling WebSocket disconnection in 10357.753 seconds.","timestamp":"2025-01-25T18:23:22.251Z"}
{"level":"info","message":"Scheduling next day's stock websocket check in 38197.749 seconds.","timestamp":"2025-01-25T18:23:22.252Z"}
{"level":"info","message":"Successfully connected to DB: postgres@localhost:5432","timestamp":"2025-01-25T18:23:22.254Z"}
{"level":"info","message":"Subscribing to the minute aggregates channel for tickers","timestamp":"2025-01-25T18:23:22.673Z"}
{"level":"info","message":"Successfully connected to DB: postgres@localhost:5432","timestamp":"2025-01-25T18:23:22.921Z"}
{"level":"info","message":"WebSocket closed.","timestamp":"2025-01-25T18:23:24.808Z"}
{"level":"info","message":"getPriceByTickers called","timestamp":"2025-01-25T18:24:22.149Z"}
{"level":"info","message":"executing getTickerPrices...","timestamp":"2025-01-25T18:24:22.149Z"}
{"level":"info","message":"Successfully connected to DB: postgres@localhost:5432","timestamp":"2025-01-25T18:24:22.926Z"}
{"level":"info","message":"user accessing article page: Why AAPL stock will be greater than 300.00 by market close on the 12th of December 2029","timestamp":"2025-01-25T18:24:38.529Z"}
{"level":"info","message":"fetchArticleBySlug called by user null","timestamp":"2025-01-25T18:24:38.530Z"}
{"level":"info","message":"user accessing article page, generating metadata for: Why AAPL stock will be greater than 300.00 by market close on the 12th of December 2029","timestamp":"2025-01-25T18:24:38.531Z"}
{"level":"info","message":"Successfully connected to DB: postgres@localhost:5432","timestamp":"2025-01-25T18:24:38.540Z"}
{"level":"info","message":"Successfully connected to DB: postgres@localhost:5432","timestamp":"2025-01-25T18:24:39.211Z"}
{"level":"info","message":"getPriceByTickers called","timestamp":"2025-01-25T18:25:40.150Z"}
{"level":"info","message":"executing getTickerPrices...","timestamp":"2025-01-25T18:25:40.151Z"}
{"level":"info","message":"Successfully connected to DB: postgres@localhost:5432","timestamp":"2025-01-25T18:25:40.161Z"}
{"level":"info","message":"scheduling stock feed websocket...","timestamp":"2025-01-25T18:25:40.161Z"}
{"level":"info","message":"executing scheduleWebSocketLifecycle...","timestamp":"2025-01-25T18:25:40.162Z"}
{"level":"info","message":"executing checkAndScheduleWebSocket...","timestamp":"2025-01-25T18:25:40.162Z"}
{"level":"info","message":"Market is open. Ensuring WebSocket is connected.","timestamp":"2025-01-25T18:25:40.164Z"}
{"level":"info","message":"executing connectWebSocket... (already_connected: false)","timestamp":"2025-01-25T18:25:40.164Z"}
{"level":"info","message":"initializing stock feed","timestamp":"2025-01-25T18:25:40.164Z"}
{"level":"info","message":"WebSocket connection established.","timestamp":"2025-01-25T18:25:40.165Z"}
{"level":"info","message":"Scheduling WebSocket disconnection in 10219.838 seconds.","timestamp":"2025-01-25T18:25:40.166Z"}
{"level":"info","message":"Scheduling next day's stock websocket check in 38059.834 seconds.","timestamp":"2025-01-25T18:25:40.167Z"}
{"level":"info","message":"Subscribing to the minute aggregates channel for tickers","timestamp":"2025-01-25T18:25:40.580Z"}
{"level":"info","message":"Successfully connected to DB: postgres@localhost:5432","timestamp":"2025-01-25T18:25:40.875Z"}
{"level":"info","message":"WebSocket closed.","timestamp":"2025-01-25T18:25:45.352Z"}
{"level":"info","message":"user accessing article page: Why AAPL stock will be greater than 300.00 by market close on the 12th of December 2029","timestamp":"2025-01-25T18:26:32.745Z"}
{"level":"info","message":"fetchArticleBySlug called by user null","timestamp":"2025-01-25T18:26:32.746Z"}
{"level":"info","message":"user accessing article page, generating metadata for: Why AAPL stock will be greater than 300.00 by market close on the 12th of December 2029","timestamp":"2025-01-25T18:26:32.747Z"}
{"level":"info","message":"Successfully connected to DB: postgres@localhost:5432","timestamp":"2025-01-25T18:26:32.763Z"}
{"level":"info","message":"Successfully connected to DB: postgres@localhost:5432","timestamp":"2025-01-25T18:26:33.265Z"}
{"level":"info","message":"getPriceByTickers called","timestamp":"2025-01-25T18:27:35.242Z"}
{"level":"info","message":"executing getTickerPrices...","timestamp":"2025-01-25T18:27:35.243Z"}
{"level":"info","message":"Successfully connected to DB: postgres@localhost:5432","timestamp":"2025-01-25T18:27:35.252Z"}
{"level":"info","message":"scheduling stock feed websocket...","timestamp":"2025-01-25T18:27:35.254Z"}
{"level":"info","message":"executing scheduleWebSocketLifecycle...","timestamp":"2025-01-25T18:27:35.254Z"}
{"level":"info","message":"executing checkAndScheduleWebSocket...","timestamp":"2025-01-25T18:27:35.255Z"}
{"level":"info","message":"Market is open. Ensuring WebSocket is connected.","timestamp":"2025-01-25T18:27:35.257Z"}
{"level":"info","message":"executing connectWebSocket... (already_connected: false)","timestamp":"2025-01-25T18:27:35.257Z"}
{"level":"info","message":"initializing stock feed","timestamp":"2025-01-25T18:27:35.257Z"}
{"level":"info","message":"WebSocket connection established.","timestamp":"2025-01-25T18:27:35.259Z"}
{"level":"info","message":"Scheduling WebSocket disconnection in 10104.745 seconds.","timestamp":"2025-01-25T18:27:35.259Z"}
{"level":"info","message":"Scheduling next day's stock websocket check in 37944.74 seconds.","timestamp":"2025-01-25T18:27:35.260Z"}
{"level":"info","message":"Subscribing to the minute aggregates channel for tickers","timestamp":"2025-01-25T18:27:35.789Z"}
{"level":"info","message":"Successfully connected to DB: postgres@localhost:5432","timestamp":"2025-01-25T18:27:35.925Z"}
{"level":"info","message":"WebSocket closed.","timestamp":"2025-01-25T18:27:38.556Z"}
{"level":"info","message":"user accessing article page: Why AAPL stock will be greater than 300.00 by market close on the 12th of December 2029","timestamp":"2025-01-25T18:29:36.398Z"}
{"level":"info","message":"fetchArticleBySlug called by user null","timestamp":"2025-01-25T18:29:36.399Z"}
{"level":"info","message":"user accessing article page, generating metadata for: Why AAPL stock will be greater than 300.00 by market close on the 12th of December 2029","timestamp":"2025-01-25T18:29:36.400Z"}
{"level":"info","message":"Successfully connected to DB: postgres@localhost:5432","timestamp":"2025-01-25T18:29:36.411Z"}
{"level":"info","message":"Successfully connected to DB: postgres@localhost:5432","timestamp":"2025-01-25T18:29:36.959Z"}
{"level":"info","message":"getPriceByTickers called","timestamp":"2025-01-25T18:30:39.222Z"}
{"level":"info","message":"executing getTickerPrices...","timestamp":"2025-01-25T18:30:39.223Z"}
{"level":"info","message":"Successfully connected to DB: postgres@localhost:5432","timestamp":"2025-01-25T18:30:39.231Z"}
{"level":"info","message":"scheduling stock feed websocket...","timestamp":"2025-01-25T18:30:39.232Z"}
{"level":"info","message":"executing scheduleWebSocketLifecycle...","timestamp":"2025-01-25T18:30:39.232Z"}
{"level":"info","message":"executing checkAndScheduleWebSocket...","timestamp":"2025-01-25T18:30:39.232Z"}
{"level":"info","message":"Market is open. Ensuring WebSocket is connected.","timestamp":"2025-01-25T18:30:39.234Z"}
{"level":"info","message":"executing connectWebSocket... (already_connected: false)","timestamp":"2025-01-25T18:30:39.234Z"}
{"level":"info","message":"initializing stock feed","timestamp":"2025-01-25T18:30:39.234Z"}
{"level":"info","message":"WebSocket connection established.","timestamp":"2025-01-25T18:30:39.235Z"}
{"level":"info","message":"Scheduling WebSocket disconnection in 9920.768 seconds.","timestamp":"2025-01-25T18:30:39.236Z"}
{"level":"info","message":"Scheduling next day's stock websocket check in 37760.764 seconds.","timestamp":"2025-01-25T18:30:39.237Z"}
{"level":"info","message":"Subscribing to the minute aggregates channel for tickers","timestamp":"2025-01-25T18:30:39.663Z"}
{"level":"info","message":"Successfully connected to DB: postgres@localhost:5432","timestamp":"2025-01-25T18:30:39.924Z"}
{"level":"info","message":"WebSocket closed.","timestamp":"2025-01-25T18:30:44.105Z"}
{"level":"info","message":"getPriceByTickers called","timestamp":"2025-01-25T18:31:39.138Z"}
{"level":"info","message":"executing getTickerPrices...","timestamp":"2025-01-25T18:31:39.139Z"}
{"level":"info","message":"Successfully connected to DB: postgres@localhost:5432","timestamp":"2025-01-25T18:31:39.924Z"}
{"level":"info","message":"getPriceByTickers called","timestamp":"2025-01-25T18:32:39.133Z"}
{"level":"info","message":"executing getTickerPrices...","timestamp":"2025-01-25T18:32:39.134Z"}
{"level":"info","message":"Successfully connected to DB: postgres@localhost:5432","timestamp":"2025-01-25T18:32:39.906Z"}
{"level":"info","message":"getPriceByTickers called","timestamp":"2025-01-25T18:33:39.122Z"}
{"level":"info","message":"executing getTickerPrices...","timestamp":"2025-01-25T18:33:39.122Z"}
{"level":"info","message":"Successfully connected to DB: postgres@localhost:5432","timestamp":"2025-01-25T18:33:39.882Z"}
{"level":"info","message":"getPriceByTickers called","timestamp":"2025-01-25T18:35:03.140Z"}
{"level":"info","message":"executing getTickerPrices...","timestamp":"2025-01-25T18:35:03.140Z"}
{"level":"info","message":"Successfully connected to DB: postgres@localhost:5432","timestamp":"2025-01-25T18:35:03.972Z"}
{"level":"info","message":"getPriceByTickers called","timestamp":"2025-01-25T18:36:03.135Z"}
{"level":"info","message":"executing getTickerPrices...","timestamp":"2025-01-25T18:36:03.135Z"}
{"level":"info","message":"Successfully connected to DB: postgres@localhost:5432","timestamp":"2025-01-25T18:36:03.956Z"}
{"level":"info","message":"getPriceByTickers called","timestamp":"2025-01-25T18:37:03.129Z"}
{"level":"info","message":"executing getTickerPrices...","timestamp":"2025-01-25T18:37:03.129Z"}
{"level":"info","message":"Successfully connected to DB: postgres@localhost:5432","timestamp":"2025-01-25T18:37:03.918Z"}
{"level":"info","message":"getPriceByTickers called","timestamp":"2025-01-25T18:38:03.131Z"}
{"level":"info","message":"executing getTickerPrices...","timestamp":"2025-01-25T18:38:03.131Z"}
{"level":"info","message":"Successfully connected to DB: postgres@localhost:5432","timestamp":"2025-01-25T18:38:03.931Z"}
{"level":"info","message":"getPriceByTickers called","timestamp":"2025-01-25T18:39:03.140Z"}
{"level":"info","message":"executing getTickerPrices...","timestamp":"2025-01-25T18:39:03.140Z"}
{"level":"info","message":"Successfully connected to DB: postgres@localhost:5432","timestamp":"2025-01-25T18:39:03.957Z"}
{"level":"info","message":"user accessing article page: Why AAPL stock will be greater than 300.00 by market close on the 12th of December 2029","timestamp":"2025-01-25T18:39:50.527Z"}
{"level":"info","message":"fetchArticleBySlug called by user null","timestamp":"2025-01-25T18:39:50.527Z"}
{"level":"info","message":"user accessing article page, generating metadata for: Why AAPL stock will be greater than 300.00 by market close on the 12th of December 2029","timestamp":"2025-01-25T18:39:50.528Z"}
{"level":"info","message":"Successfully connected to DB: postgres@localhost:5432","timestamp":"2025-01-25T18:39:50.534Z"}
{"level":"info","message":"getPriceByTickers called","timestamp":"2025-01-25T18:39:51.167Z"}
{"level":"info","message":"executing getTickerPrices...","timestamp":"2025-01-25T18:39:51.168Z"}
{"level":"info","message":"scheduling stock feed websocket...","timestamp":"2025-01-25T18:39:51.178Z"}
{"level":"info","message":"executing scheduleWebSocketLifecycle...","timestamp":"2025-01-25T18:39:51.178Z"}
{"level":"info","message":"executing checkAndScheduleWebSocket...","timestamp":"2025-01-25T18:39:51.178Z"}
{"level":"info","message":"Market is open. Ensuring WebSocket is connected.","timestamp":"2025-01-25T18:39:51.180Z"}
{"level":"info","message":"executing connectWebSocket... (already_connected: false)","timestamp":"2025-01-25T18:39:51.180Z"}
{"level":"info","message":"initializing stock feed","timestamp":"2025-01-25T18:39:51.180Z"}
{"level":"info","message":"WebSocket connection established.","timestamp":"2025-01-25T18:39:51.182Z"}
{"level":"info","message":"Scheduling WebSocket disconnection in 9368.821 seconds.","timestamp":"2025-01-25T18:39:51.182Z"}
{"level":"info","message":"Scheduling next day's stock websocket check in 37208.818 seconds.","timestamp":"2025-01-25T18:39:51.183Z"}
{"level":"info","message":"Successfully connected to DB: postgres@localhost:5432","timestamp":"2025-01-25T18:39:51.189Z"}
{"level":"info","message":"Successfully connected to DB: postgres@localhost:5432","timestamp":"2025-01-25T18:39:51.240Z"}
{"level":"info","message":"Subscribing to the minute aggregates channel for tickers","timestamp":"2025-01-25T18:39:51.871Z"}
{"level":"info","message":"WebSocket closed.","timestamp":"2025-01-25T18:39:56.351Z"}
{"level":"info","message":"getPriceByTickers called","timestamp":"2025-01-25T18:40:39.183Z"}
{"level":"info","message":"executing getTickerPrices...","timestamp":"2025-01-25T18:40:39.183Z"}
{"level":"info","message":"Successfully connected to DB: postgres@localhost:5432","timestamp":"2025-01-25T18:40:39.188Z"}
{"level":"info","message":"scheduling stock feed websocket...","timestamp":"2025-01-25T18:40:39.188Z"}
{"level":"info","message":"executing scheduleWebSocketLifecycle...","timestamp":"2025-01-25T18:40:39.188Z"}
{"level":"info","message":"executing checkAndScheduleWebSocket...","timestamp":"2025-01-25T18:40:39.189Z"}
{"level":"info","message":"Market is open. Ensuring WebSocket is connected.","timestamp":"2025-01-25T18:40:39.189Z"}
{"level":"info","message":"executing connectWebSocket... (already_connected: false)","timestamp":"2025-01-25T18:40:39.189Z"}
{"level":"info","message":"initializing stock feed","timestamp":"2025-01-25T18:40:39.189Z"}
{"level":"info","message":"WebSocket connection established.","timestamp":"2025-01-25T18:40:39.191Z"}
{"level":"info","message":"Scheduling WebSocket disconnection in 9320.811 seconds.","timestamp":"2025-01-25T18:40:39.191Z"}
{"level":"info","message":"Scheduling next day's stock websocket check in 37160.809 seconds.","timestamp":"2025-01-25T18:40:39.191Z"}
{"level":"info","message":"Subscribing to the minute aggregates channel for tickers","timestamp":"2025-01-25T18:40:39.600Z"}
{"level":"info","message":"Successfully connected to DB: postgres@localhost:5432","timestamp":"2025-01-25T18:40:39.915Z"}
{"level":"info","message":"WebSocket closed.","timestamp":"2025-01-25T18:40:40.856Z"}
{"level":"info","message":"getPriceByTickers called","timestamp":"2025-01-25T18:42:03.131Z"}
{"level":"info","message":"executing getTickerPrices...","timestamp":"2025-01-25T18:42:03.132Z"}
{"level":"info","message":"Successfully connected to DB: postgres@localhost:5432","timestamp":"2025-01-25T18:42:03.922Z"}
{"level":"info","message":"user accessing article page: Why AAPL stock will be greater than 300.00 by market close on the 12th of December 2029","timestamp":"2025-01-25T18:42:10.466Z"}
{"level":"info","message":"fetchArticleBySlug called by user null","timestamp":"2025-01-25T18:42:10.467Z"}
{"level":"info","message":"user accessing article page, generating metadata for: Why AAPL stock will be greater than 300.00 by market close on the 12th of December 2029","timestamp":"2025-01-25T18:42:10.467Z"}
{"level":"info","message":"Successfully connected to DB: postgres@localhost:5432","timestamp":"2025-01-25T18:42:10.473Z"}
{"level":"info","message":"Successfully connected to DB: postgres@localhost:5432","timestamp":"2025-01-25T18:42:11.200Z"}
{"level":"info","message":"getPriceByTickers called","timestamp":"2025-01-25T18:43:03.307Z"}
{"level":"info","message":"executing getTickerPrices...","timestamp":"2025-01-25T18:43:03.308Z"}
{"level":"info","message":"Successfully connected to DB: postgres@localhost:5432","timestamp":"2025-01-25T18:43:03.315Z"}
{"level":"info","message":"scheduling stock feed websocket...","timestamp":"2025-01-25T18:43:03.315Z"}
{"level":"info","message":"executing scheduleWebSocketLifecycle...","timestamp":"2025-01-25T18:43:03.316Z"}
{"level":"info","message":"executing checkAndScheduleWebSocket...","timestamp":"2025-01-25T18:43:03.316Z"}
{"level":"info","message":"Market is open. Ensuring WebSocket is connected.","timestamp":"2025-01-25T18:43:03.317Z"}
{"level":"info","message":"executing connectWebSocket... (already_connected: false)","timestamp":"2025-01-25T18:43:03.317Z"}
{"level":"info","message":"initializing stock feed","timestamp":"2025-01-25T18:43:03.317Z"}
{"level":"info","message":"WebSocket connection established.","timestamp":"2025-01-25T18:43:03.318Z"}
{"level":"info","message":"Scheduling WebSocket disconnection in 9176.684 seconds.","timestamp":"2025-01-25T18:43:03.318Z"}
{"level":"info","message":"Scheduling next day's stock websocket check in 37016.682 seconds.","timestamp":"2025-01-25T18:43:03.318Z"}
{"level":"info","message":"Subscribing to the minute aggregates channel for tickers","timestamp":"2025-01-25T18:43:03.770Z"}
{"level":"info","message":"Successfully connected to DB: postgres@localhost:5432","timestamp":"2025-01-25T18:43:04.075Z"}
{"level":"info","message":"WebSocket closed.","timestamp":"2025-01-25T18:43:08.117Z"}
{"level":"info","message":"getPriceByTickers called","timestamp":"2025-01-25T18:44:03.235Z"}
{"level":"info","message":"executing getTickerPrices...","timestamp":"2025-01-25T18:44:03.235Z"}
{"level":"info","message":"Successfully connected to DB: postgres@localhost:5432","timestamp":"2025-01-25T18:44:04.006Z"}
{"level":"info","message":"getPriceByTickers called","timestamp":"2025-01-25T18:45:04.455Z"}
{"level":"info","message":"executing getTickerPrices...","timestamp":"2025-01-25T18:45:04.455Z"}
{"level":"info","message":"Successfully connected to DB: postgres@localhost:5432","timestamp":"2025-01-25T18:45:04.466Z"}
{"level":"info","message":"scheduling stock feed websocket...","timestamp":"2025-01-25T18:45:04.467Z"}
{"level":"info","message":"executing scheduleWebSocketLifecycle...","timestamp":"2025-01-25T18:45:04.467Z"}
{"level":"info","message":"executing checkAndScheduleWebSocket...","timestamp":"2025-01-25T18:45:04.467Z"}
{"level":"info","message":"Market is open. Ensuring WebSocket is connected.","timestamp":"2025-01-25T18:45:04.468Z"}
{"level":"info","message":"executing connectWebSocket... (already_connected: false)","timestamp":"2025-01-25T18:45:04.468Z"}
{"level":"info","message":"initializing stock feed","timestamp":"2025-01-25T18:45:04.468Z"}
{"level":"info","message":"WebSocket connection established.","timestamp":"2025-01-25T18:45:04.469Z"}
{"level":"info","message":"Scheduling WebSocket disconnection in 9055.533 seconds.","timestamp":"2025-01-25T18:45:04.469Z"}
{"level":"info","message":"Scheduling next day's stock websocket check in 36895.531 seconds.","timestamp":"2025-01-25T18:45:04.469Z"}
{"level":"info","message":"user accessing article page: Why AAPL stock will be greater than 300.00 by market close on the 12th of December 2029","timestamp":"2025-01-25T18:45:04.674Z"}
{"level":"info","message":"fetchArticleBySlug called by user null","timestamp":"2025-01-25T18:45:04.675Z"}
{"level":"info","message":"user accessing article page, generating metadata for: Why AAPL stock will be greater than 300.00 by market close on the 12th of December 2029","timestamp":"2025-01-25T18:45:04.675Z"}
{"level":"info","message":"Successfully connected to DB: postgres@localhost:5432","timestamp":"2025-01-25T18:45:04.683Z"}
{"level":"info","message":"Subscribing to the minute aggregates channel for tickers","timestamp":"2025-01-25T18:45:04.990Z"}
{"level":"info","message":"Successfully connected to DB: postgres@localhost:5432","timestamp":"2025-01-25T18:45:05.252Z"}
{"level":"info","message":"WebSocket closed.","timestamp":"2025-01-25T18:45:08.263Z"}
{"level":"info","message":"user accessing article page: Why AAPL stock will be greater than 300.00 by market close on the 12th of December 2029","timestamp":"2025-01-25T18:45:22.195Z"}
{"level":"info","message":"fetchArticleBySlug called by user null","timestamp":"2025-01-25T18:45:22.195Z"}
{"level":"info","message":"user accessing article page, generating metadata for: Why AAPL stock will be greater than 300.00 by market close on the 12th of December 2029","timestamp":"2025-01-25T18:45:22.196Z"}
{"level":"info","message":"Successfully connected to DB: postgres@localhost:5432","timestamp":"2025-01-25T18:45:22.203Z"}
{"level":"info","message":"Successfully connected to DB: postgres@localhost:5432","timestamp":"2025-01-25T18:45:22.867Z"}
{"level":"info","message":"user accessing article page: Why AAPL stock will be greater than 300.00 by market close on the 12th of December 2029","timestamp":"2025-01-25T18:45:30.995Z"}
{"level":"info","message":"fetchArticleBySlug called by user null","timestamp":"2025-01-25T18:45:30.995Z"}
{"level":"info","message":"user accessing article page, generating metadata for: Why AAPL stock will be greater than 300.00 by market close on the 12th of December 2029","timestamp":"2025-01-25T18:45:30.996Z"}
{"level":"info","message":"Successfully connected to DB: postgres@localhost:5432","timestamp":"2025-01-25T18:45:31.002Z"}
{"level":"info","message":"Successfully connected to DB: postgres@localhost:5432","timestamp":"2025-01-25T18:45:31.713Z"}
{"level":"info","message":"user accessing article page: Why AAPL stock will be greater than 300.00 by market close on the 12th of December 2029","timestamp":"2025-01-25T18:46:46.871Z"}
{"level":"info","message":"fetchArticleBySlug called by user null","timestamp":"2025-01-25T18:46:46.872Z"}
{"level":"info","message":"user accessing article page, generating metadata for: Why AAPL stock will be greater than 300.00 by market close on the 12th of December 2029","timestamp":"2025-01-25T18:46:46.873Z"}
{"level":"info","message":"Successfully connected to DB: postgres@localhost:5432","timestamp":"2025-01-25T18:46:46.887Z"}
{"level":"info","message":"Successfully connected to DB: postgres@localhost:5432","timestamp":"2025-01-25T18:46:47.400Z"}
{"level":"info","message":"user accessing article page: Why AAPL stock will be greater than 300.00 by market close on the 12th of December 2029","timestamp":"2025-01-25T18:47:19.199Z"}
{"level":"info","message":"fetchArticleBySlug called by user null","timestamp":"2025-01-25T18:47:19.199Z"}
{"level":"info","message":"user accessing article page, generating metadata for: Why AAPL stock will be greater than 300.00 by market close on the 12th of December 2029","timestamp":"2025-01-25T18:47:19.200Z"}
{"level":"info","message":"Successfully connected to DB: postgres@localhost:5432","timestamp":"2025-01-25T18:47:19.218Z"}
{"level":"info","message":"Successfully connected to DB: postgres@localhost:5432","timestamp":"2025-01-25T18:47:19.958Z"}
{"level":"info","message":"user accessing article page: Why AAPL stock will be greater than 300.00 by market close on the 12th of December 2029","timestamp":"2025-01-25T18:47:27.415Z"}
{"level":"info","message":"fetchArticleBySlug called by user null","timestamp":"2025-01-25T18:47:27.415Z"}
{"level":"info","message":"user accessing article page, generating metadata for: Why AAPL stock will be greater than 300.00 by market close on the 12th of December 2029","timestamp":"2025-01-25T18:47:27.416Z"}
{"level":"info","message":"Successfully connected to DB: postgres@localhost:5432","timestamp":"2025-01-25T18:47:28.243Z"}
{"level":"info","message":"user accessing article page: Why AAPL stock will be greater than 300.00 by market close on the 12th of December 2029","timestamp":"2025-01-25T18:47:30.861Z"}
{"level":"info","message":"fetchArticleBySlug called by user null","timestamp":"2025-01-25T18:47:30.861Z"}
{"level":"info","message":"user accessing article page, generating metadata for: Why AAPL stock will be greater than 300.00 by market close on the 12th of December 2029","timestamp":"2025-01-25T18:47:30.862Z"}
{"level":"info","message":"Successfully connected to DB: postgres@localhost:5432","timestamp":"2025-01-25T18:47:31.682Z"}
{"level":"info","message":"user accessing article page: Why AAPL stock will be greater than 300.00 by market close on the 12th of December 2029","timestamp":"2025-01-25T18:47:39.115Z"}
{"level":"info","message":"fetchArticleBySlug called by user null","timestamp":"2025-01-25T18:47:39.115Z"}
{"level":"info","message":"user accessing article page, generating metadata for: Why AAPL stock will be greater than 300.00 by market close on the 12th of December 2029","timestamp":"2025-01-25T18:47:39.116Z"}
{"level":"info","message":"Successfully connected to DB: postgres@localhost:5432","timestamp":"2025-01-25T18:47:39.961Z"}
{"level":"info","message":"user accessing article page: Why AAPL stock will be greater than 300.00 by market close on the 12th of December 2029","timestamp":"2025-01-25T18:47:46.337Z"}
{"level":"info","message":"fetchArticleBySlug called by user null","timestamp":"2025-01-25T18:47:46.337Z"}
{"level":"info","message":"user accessing article page, generating metadata for: Why AAPL stock will be greater than 300.00 by market close on the 12th of December 2029","timestamp":"2025-01-25T18:47:46.338Z"}
{"level":"info","message":"Successfully connected to DB: postgres@localhost:5432","timestamp":"2025-01-25T18:47:47.163Z"}
{"level":"info","message":"user accessing article page: Why AAPL stock will be greater than 300.00 by market close on the 12th of December 2029","timestamp":"2025-01-25T18:47:54.409Z"}
{"level":"info","message":"fetchArticleBySlug called by user null","timestamp":"2025-01-25T18:47:54.409Z"}
{"level":"info","message":"user accessing article page, generating metadata for: Why AAPL stock will be greater than 300.00 by market close on the 12th of December 2029","timestamp":"2025-01-25T18:47:54.410Z"}
{"level":"info","message":"Successfully connected to DB: postgres@localhost:5432","timestamp":"2025-01-25T18:47:55.233Z"}
{"level":"info","message":"Successfully connected to DB: postgres@localhost:5432","timestamp":"2025-01-25T18:49:00.019Z"}
{"level":"info","message":"getPriceByTickers called","timestamp":"2025-01-25T18:49:00.402Z"}
{"level":"info","message":"executing getTickerPrices...","timestamp":"2025-01-25T18:49:00.403Z"}
{"level":"info","message":"Successfully connected to DB: postgres@localhost:5432","timestamp":"2025-01-25T18:49:00.415Z"}
{"level":"info","message":"scheduling stock feed websocket...","timestamp":"2025-01-25T18:49:00.415Z"}
{"level":"info","message":"executing scheduleWebSocketLifecycle...","timestamp":"2025-01-25T18:49:00.415Z"}
{"level":"info","message":"executing checkAndScheduleWebSocket...","timestamp":"2025-01-25T18:49:00.416Z"}
{"level":"info","message":"Market is open. Ensuring WebSocket is connected.","timestamp":"2025-01-25T18:49:00.418Z"}
{"level":"info","message":"executing connectWebSocket... (already_connected: false)","timestamp":"2025-01-25T18:49:00.418Z"}
{"level":"info","message":"initializing stock feed","timestamp":"2025-01-25T18:49:00.418Z"}
{"level":"info","message":"WebSocket connection established.","timestamp":"2025-01-25T18:49:00.423Z"}
{"level":"info","message":"Scheduling WebSocket disconnection in 8819.584 seconds.","timestamp":"2025-01-25T18:49:00.423Z"}
{"level":"info","message":"Scheduling next day's stock websocket check in 36659.576 seconds.","timestamp":"2025-01-25T18:49:00.424Z"}
{"level":"info","message":"Subscribing to the minute aggregates channel for tickers","timestamp":"2025-01-25T18:49:00.853Z"}
{"level":"info","message":"user accessing article page: Why AAPL stock will be greater than 300.00 by market close on the 12th of December 2029","timestamp":"2025-01-25T18:49:41.632Z"}
{"level":"info","message":"fetchArticleBySlug called by user null","timestamp":"2025-01-25T18:49:41.633Z"}
{"level":"info","message":"user accessing article page, generating metadata for: Why AAPL stock will be greater than 300.00 by market close on the 12th of December 2029","timestamp":"2025-01-25T18:49:41.634Z"}
{"level":"info","message":"Successfully connected to DB: postgres@localhost:5432","timestamp":"2025-01-25T18:49:41.652Z"}
{"level":"info","message":"Successfully connected to DB: postgres@localhost:5432","timestamp":"2025-01-25T18:49:42.110Z"}
{"level":"info","message":"user accessing article page: Why AAPL stock will be greater than 300.00 by market close on the 12th of December 2029","timestamp":"2025-01-25T18:49:50.092Z"}
{"level":"info","message":"fetchArticleBySlug called by user null","timestamp":"2025-01-25T18:49:50.093Z"}
{"level":"info","message":"user accessing article page, generating metadata for: Why AAPL stock will be greater than 300.00 by market close on the 12th of December 2029","timestamp":"2025-01-25T18:49:50.094Z"}
{"level":"info","message":"Successfully connected to DB: postgres@localhost:5432","timestamp":"2025-01-25T18:49:50.113Z"}
{"level":"info","message":"Successfully connected to DB: postgres@localhost:5432","timestamp":"2025-01-25T18:49:50.895Z"}
{"level":"info","message":"getPriceByTickers called","timestamp":"2025-01-25T18:50:51.031Z"}
{"level":"info","message":"executing getTickerPrices...","timestamp":"2025-01-25T18:50:51.032Z"}
{"level":"info","message":"Successfully connected to DB: postgres@localhost:5432","timestamp":"2025-01-25T18:50:51.043Z"}
{"level":"info","message":"scheduling stock feed websocket...","timestamp":"2025-01-25T18:50:51.043Z"}
{"level":"info","message":"executing scheduleWebSocketLifecycle...","timestamp":"2025-01-25T18:50:51.043Z"}
{"level":"info","message":"executing checkAndScheduleWebSocket...","timestamp":"2025-01-25T18:50:51.044Z"}
{"level":"info","message":"Market is open. Ensuring WebSocket is connected.","timestamp":"2025-01-25T18:50:51.045Z"}
{"level":"info","message":"executing connectWebSocket... (already_connected: false)","timestamp":"2025-01-25T18:50:51.045Z"}
{"level":"info","message":"initializing stock feed","timestamp":"2025-01-25T18:50:51.045Z"}
{"level":"info","message":"WebSocket connection established.","timestamp":"2025-01-25T18:50:51.047Z"}
{"level":"info","message":"Scheduling WebSocket disconnection in 8708.956 seconds.","timestamp":"2025-01-25T18:50:51.048Z"}
{"level":"info","message":"Scheduling next day's stock websocket check in 36548.952 seconds.","timestamp":"2025-01-25T18:50:51.049Z"}
{"level":"info","message":"Subscribing to the minute aggregates channel for tickers","timestamp":"2025-01-25T18:50:51.551Z"}
{"level":"info","message":"Successfully connected to DB: postgres@localhost:5432","timestamp":"2025-01-25T18:50:51.783Z"}
{"level":"info","message":"WebSocket closed.","timestamp":"2025-01-25T18:50:54.277Z"}
{"level":"info","message":"getPriceByTickers called","timestamp":"2025-01-25T18:51:50.923Z"}
{"level":"info","message":"executing getTickerPrices...","timestamp":"2025-01-25T18:51:50.923Z"}
{"level":"info","message":"Successfully connected to DB: postgres@localhost:5432","timestamp":"2025-01-25T18:51:51.757Z"}
{"level":"info","message":"user accessing article page: Why AAPL stock will be greater than 300.00 by market close on the 12th of December 2029","timestamp":"2025-01-25T18:52:43.670Z"}
{"level":"info","message":"fetchArticleBySlug called by user null","timestamp":"2025-01-25T18:52:43.670Z"}
{"level":"info","message":"user accessing article page, generating metadata for: Why AAPL stock will be greater than 300.00 by market close on the 12th of December 2029","timestamp":"2025-01-25T18:52:43.672Z"}
{"level":"info","message":"Successfully connected to DB: postgres@localhost:5432","timestamp":"2025-01-25T18:52:43.685Z"}
{"level":"info","message":"Successfully connected to DB: postgres@localhost:5432","timestamp":"2025-01-25T18:52:44.207Z"}
{"level":"info","message":"user accessing article page: Why AAPL stock will be greater than 300.00 by market close on the 12th of December 2029","timestamp":"2025-01-25T18:52:47.653Z"}
{"level":"info","message":"fetchArticleBySlug called by user null","timestamp":"2025-01-25T18:52:47.653Z"}
{"level":"info","message":"user accessing article page, generating metadata for: Why AAPL stock will be greater than 300.00 by market close on the 12th of December 2029","timestamp":"2025-01-25T18:52:47.654Z"}
{"level":"info","message":"Successfully connected to DB: postgres@localhost:5432","timestamp":"2025-01-25T18:52:47.669Z"}
{"level":"info","message":"Successfully connected to DB: postgres@localhost:5432","timestamp":"2025-01-25T18:52:48.441Z"}
{"level":"info","message":"isAuthenticated() called","timestamp":"2025-01-25T18:52:55.343Z"}
{"level":"info","message":"user accessing home page, user_id: undefined","timestamp":"2025-01-25T18:52:55.349Z"}
{"level":"info","message":"Successfully connected to DB: postgres@localhost:5432","timestamp":"2025-01-25T18:52:55.358Z"}
{"level":"info","message":"isAuthenticated() called","timestamp":"2025-01-25T18:52:55.846Z"}
{"level":"info","message":"user accessing home page, user_id: undefined","timestamp":"2025-01-25T18:52:55.921Z"}
{"level":"info","message":"loadTable called by user: undefined","timestamp":"2025-01-25T18:52:55.923Z"}
{"level":"info","message":"Successfully connected to DB: postgres@localhost:5432","timestamp":"2025-01-25T18:52:55.938Z"}
{"level":"info","message":"isAuthenticated() called","timestamp":"2025-01-25T18:52:55.961Z"}
{"level":"info","message":"user accessing home page, user_id: undefined","timestamp":"2025-01-25T18:52:55.964Z"}
{"level":"info","message":"isAuthenticated() called","timestamp":"2025-01-25T18:52:59.536Z"}
{"level":"info","message":"loadFeed called by user: undefined","timestamp":"2025-01-25T18:52:59.541Z"}
{"level":"info","message":"user accessing home page, user_id: undefined","timestamp":"2025-01-25T18:52:59.539Z"}
{"level":"info","message":"loadFeed called by user: undefined","timestamp":"2025-01-25T18:52:59.579Z"}
{"level":"info","message":"isAuthenticated() called","timestamp":"2025-01-25T18:52:59.604Z"}
{"level":"info","message":"user accessing home page, user_id: undefined","timestamp":"2025-01-25T18:52:59.607Z"}
{"level":"info","message":"user accessing article page: Why AAPL stock will be greater than 300.00 by market close on the 12th of December 2029","timestamp":"2025-01-25T18:53:04.449Z"}
{"level":"info","message":"fetchArticleBySlug called by user null","timestamp":"2025-01-25T18:53:04.449Z"}
{"level":"info","message":"user accessing article page, generating metadata for: Why AAPL stock will be greater than 300.00 by market close on the 12th of December 2029","timestamp":"2025-01-25T18:53:04.450Z"}
{"level":"info","message":"Successfully connected to DB: postgres@localhost:5432","timestamp":"2025-01-25T18:53:05.267Z"}
{"level":"info","message":"user accessing article page: Why AAPL stock will be greater than 300.00 by market close on the 12th of December 2029","timestamp":"2025-01-25T18:54:13.651Z"}
{"level":"info","message":"fetchArticleBySlug called by user null","timestamp":"2025-01-25T18:54:13.651Z"}
{"level":"info","message":"user accessing article page, generating metadata for: Why AAPL stock will be greater than 300.00 by market close on the 12th of December 2029","timestamp":"2025-01-25T18:54:13.652Z"}
{"level":"info","message":"Successfully connected to DB: postgres@localhost:5432","timestamp":"2025-01-25T18:54:13.671Z"}
{"level":"info","message":"Successfully connected to DB: postgres@localhost:5432","timestamp":"2025-01-25T18:54:14.178Z"}
{"level":"info","message":"user accessing article page: Why AAPL stock will be greater than 300.00 by market close on the 12th of December 2029","timestamp":"2025-01-25T18:54:45.924Z"}
{"level":"info","message":"fetchArticleBySlug called by user null","timestamp":"2025-01-25T18:54:45.925Z"}
{"level":"info","message":"user accessing article page, generating metadata for: Why AAPL stock will be greater than 300.00 by market close on the 12th of December 2029","timestamp":"2025-01-25T18:54:45.926Z"}
{"level":"info","message":"Successfully connected to DB: postgres@localhost:5432","timestamp":"2025-01-25T18:54:45.939Z"}
{"level":"info","message":"Successfully connected to DB: postgres@localhost:5432","timestamp":"2025-01-25T18:54:46.600Z"}
{"level":"info","message":"user accessing article page: Why AAPL stock will be greater than 300.00 by market close on the 12th of December 2029","timestamp":"2025-01-25T18:56:30.316Z"}
{"level":"info","message":"fetchArticleBySlug called by user null","timestamp":"2025-01-25T18:56:30.317Z"}
{"level":"info","message":"user accessing article page, generating metadata for: Why AAPL stock will be greater than 300.00 by market close on the 12th of December 2029","timestamp":"2025-01-25T18:56:30.317Z"}
{"level":"info","message":"Successfully connected to DB: postgres@localhost:5432","timestamp":"2025-01-25T18:56:30.343Z"}
{"level":"info","message":"Successfully connected to DB: postgres@localhost:5432","timestamp":"2025-01-25T18:56:30.874Z"}
{"level":"info","message":"user accessing article page: Why AAPL stock will be greater than 300.00 by market close on the 12th of December 2029","timestamp":"2025-01-25T19:02:01.344Z"}
{"level":"info","message":"fetchArticleBySlug called by user null","timestamp":"2025-01-25T19:02:01.344Z"}
{"level":"info","message":"user accessing article page, generating metadata for: Why AAPL stock will be greater than 300.00 by market close on the 12th of December 2029","timestamp":"2025-01-25T19:02:01.345Z"}
{"level":"info","message":"Successfully connected to DB: postgres@localhost:5432","timestamp":"2025-01-25T19:02:01.359Z"}
{"level":"info","message":"Successfully connected to DB: postgres@localhost:5432","timestamp":"2025-01-25T19:02:01.851Z"}
{"level":"info","message":"user accessing article page: Why AAPL stock will be greater than 300.00 by market close on the 12th of December 2029","timestamp":"2025-01-25T19:02:39.468Z"}
{"level":"info","message":"fetchArticleBySlug called by user null","timestamp":"2025-01-25T19:02:39.469Z"}
{"level":"info","message":"user accessing article page, generating metadata for: Why AAPL stock will be greater than 300.00 by market close on the 12th of December 2029","timestamp":"2025-01-25T19:02:39.470Z"}
{"level":"info","message":"Successfully connected to DB: postgres@localhost:5432","timestamp":"2025-01-25T19:02:39.479Z"}
{"level":"info","message":"Successfully connected to DB: postgres@localhost:5432","timestamp":"2025-01-25T19:02:40.153Z"}
{"level":"info","message":"getPriceByTickers called","timestamp":"2025-01-25T19:03:41.219Z"}
{"level":"info","message":"executing getTickerPrices...","timestamp":"2025-01-25T19:03:41.219Z"}
{"level":"info","message":"scheduling stock feed websocket...","timestamp":"2025-01-25T19:03:41.229Z"}
{"level":"info","message":"executing scheduleWebSocketLifecycle...","timestamp":"2025-01-25T19:03:41.229Z"}
{"level":"info","message":"executing checkAndScheduleWebSocket...","timestamp":"2025-01-25T19:03:41.229Z"}
{"level":"info","message":"Market is open. Ensuring WebSocket is connected.","timestamp":"2025-01-25T19:03:41.231Z"}
{"level":"info","message":"executing connectWebSocket... (already_connected: false)","timestamp":"2025-01-25T19:03:41.231Z"}
{"level":"info","message":"initializing stock feed","timestamp":"2025-01-25T19:03:41.231Z"}
{"level":"info","message":"WebSocket connection established.","timestamp":"2025-01-25T19:03:41.233Z"}
{"level":"info","message":"Scheduling WebSocket disconnection in 7938.771 seconds.","timestamp":"2025-01-25T19:03:41.234Z"}
{"level":"info","message":"Scheduling next day's stock websocket check in 35778.766 seconds.","timestamp":"2025-01-25T19:03:41.234Z"}
{"level":"info","message":"Successfully connected to DB: postgres@localhost:5432","timestamp":"2025-01-25T19:03:41.237Z"}
{"level":"info","message":"Subscribing to the minute aggregates channel for tickers","timestamp":"2025-01-25T19:03:41.665Z"}
{"level":"info","message":"Successfully connected to DB: postgres@localhost:5432","timestamp":"2025-01-25T19:03:41.917Z"}
{"level":"info","message":"WebSocket closed.","timestamp":"2025-01-25T19:03:42.487Z"}
{"level":"info","message":"getPriceByTickers called","timestamp":"2025-01-25T19:04:41.130Z"}
{"level":"info","message":"executing getTickerPrices...","timestamp":"2025-01-25T19:04:41.130Z"}
{"level":"info","message":"Successfully connected to DB: postgres@localhost:5432","timestamp":"2025-01-25T19:04:41.924Z"}
{"level":"info","message":"user accessing article page: Why AAPL stock will be greater than 300.00 by market close on the 12th of December 2029","timestamp":"2025-01-25T19:05:51.180Z"}
{"level":"info","message":"fetchArticleBySlug called by user null","timestamp":"2025-01-25T19:05:51.181Z"}
{"level":"info","message":"user accessing article page, generating metadata for: Why AAPL stock will be greater than 300.00 by market close on the 12th of December 2029","timestamp":"2025-01-25T19:05:51.182Z"}
{"level":"info","message":"Successfully connected to DB: postgres@localhost:5432","timestamp":"2025-01-25T19:05:51.196Z"}
{"level":"info","message":"Successfully connected to DB: postgres@localhost:5432","timestamp":"2025-01-25T19:05:51.858Z"}
{"level":"info","message":"isAuthenticated() called","timestamp":"2025-01-25T19:05:56.753Z"}
{"level":"info","message":"user accessing home page, user_id: undefined","timestamp":"2025-01-25T19:05:56.756Z"}
{"level":"info","message":"Successfully connected to DB: postgres@localhost:5432","timestamp":"2025-01-25T19:05:56.765Z"}
{"level":"info","message":"isAuthenticated() called","timestamp":"2025-01-25T19:05:57.113Z"}
{"level":"info","message":"user accessing home page, user_id: undefined","timestamp":"2025-01-25T19:05:57.178Z"}
{"level":"info","message":"loadTable called by user: undefined","timestamp":"2025-01-25T19:05:57.179Z"}
{"level":"info","message":"Successfully connected to DB: postgres@localhost:5432","timestamp":"2025-01-25T19:05:57.209Z"}
{"level":"info","message":"isAuthenticated() called","timestamp":"2025-01-25T19:05:57.226Z"}
{"level":"info","message":"user accessing home page, user_id: undefined","timestamp":"2025-01-25T19:05:57.229Z"}
{"level":"info","message":"isAuthenticated() called","timestamp":"2025-01-25T19:06:01.539Z"}
{"level":"info","message":"isAuthenticated() called","timestamp":"2025-01-25T19:06:01.544Z"}
{"level":"info","message":"user accessing home page, user_id: undefined","timestamp":"2025-01-25T19:06:01.544Z"}
{"level":"info","message":"isAuthenticated() called","timestamp":"2025-01-25T19:06:03.246Z"}
{"level":"info","message":"user accessing login page, user_id: undefined","timestamp":"2025-01-25T19:06:03.255Z"}
{"level":"info","message":"Successfully connected to DB: postgres@localhost:5432","timestamp":"2025-01-25T19:06:03.266Z"}
{"level":"info","message":"isAuthenticated() called","timestamp":"2025-01-25T19:06:03.281Z"}
{"level":"info","message":"user accessing login page, user_id: undefined","timestamp":"2025-01-25T19:06:03.285Z"}
{"level":"info","message":"login server action called","timestamp":"2025-01-25T19:06:10.862Z"}
{"level":"info","message":"Creating Session for: 58","timestamp":"2025-01-25T19:06:10.908Z"}
{"level":"info","message":"isAuthenticated() called","timestamp":"2025-01-25T19:06:10.939Z"}
{"level":"info","message":"user accessing home page, user_id: 58","timestamp":"2025-01-25T19:06:10.941Z"}
{"level":"info","message":"isAuthenticated() called","timestamp":"2025-01-25T19:06:11.451Z"}
{"level":"info","message":"user accessing home page, user_id: 58","timestamp":"2025-01-25T19:06:11.489Z"}
{"level":"info","message":"loadFeed called by user: 58","timestamp":"2025-01-25T19:06:11.491Z"}
{"level":"info","message":"Successfully connected to DB: postgres@localhost:5432","timestamp":"2025-01-25T19:06:11.501Z"}
{"level":"info","message":"loadFeed called by user: 58","timestamp":"2025-01-25T19:06:11.525Z"}
{"level":"info","message":"isAuthenticated() called","timestamp":"2025-01-25T19:06:11.547Z"}
{"level":"info","message":"user accessing home page, user_id: 58","timestamp":"2025-01-25T19:06:11.554Z"}
{"level":"info","message":"isAuthenticated() called","timestamp":"2025-01-25T19:06:14.573Z"}
{"level":"info","message":"isAuthenticated() called","timestamp":"2025-01-25T19:06:14.576Z"}
{"level":"info","message":"user accessing home page, user_id: 58","timestamp":"2025-01-25T19:06:14.579Z"}
{"level":"info","message":"isAuthenticated() called","timestamp":"2025-01-25T19:06:14.605Z"}
{"level":"info","message":"user accessing home page, user_id: 58","timestamp":"2025-01-25T19:06:14.608Z"}
{"level":"info","message":"fetchConscensusDataDb called by user: 58","timestamp":"2025-01-25T19:06:21.916Z"}
{"level":"info","message":"isAuthenticated() called","timestamp":"2025-01-25T19:06:29.997Z"}
{"level":"info","message":"loadTable called by user: 58","timestamp":"2025-01-25T19:06:30.005Z"}
{"level":"info","message":"user accessing home page, user_id: 58","timestamp":"2025-01-25T19:06:30.003Z"}
{"level":"info","message":"isAuthenticated() called","timestamp":"2025-01-25T19:06:30.037Z"}
{"level":"info","message":"user accessing home page, user_id: 58","timestamp":"2025-01-25T19:06:30.042Z"}
{"level":"info","message":"followUser called by user: 58","timestamp":"2025-01-25T19:06:33.341Z"}
{"level":"info","message":"followUser called by user: 58","timestamp":"2025-01-25T19:06:37.966Z"}
{"level":"info","message":"isAuthenticated() called","timestamp":"2025-01-25T19:06:41.740Z"}
{"level":"info","message":"loadFeed called by user: 58","timestamp":"2025-01-25T19:06:41.746Z"}
{"level":"info","message":"user accessing home page, user_id: 58","timestamp":"2025-01-25T19:06:41.745Z"}
{"level":"info","message":"loadFeed called by user: 58","timestamp":"2025-01-25T19:06:41.776Z"}
{"level":"info","message":"isAuthenticated() called","timestamp":"2025-01-25T19:06:41.797Z"}
{"level":"info","message":"user accessing home page, user_id: 58","timestamp":"2025-01-25T19:06:41.799Z"}
{"level":"info","message":"user accessing article page: Why AAPL stock will be greater than 300.00 by market close on the 12th of December 2029","timestamp":"2025-01-25T19:06:43.137Z"}
{"level":"info","message":"fetchArticleBySlug called by user 58","timestamp":"2025-01-25T19:06:43.138Z"}
{"level":"info","message":"user accessing article page, generating metadata for: Why AAPL stock will be greater than 300.00 by market close on the 12th of December 2029","timestamp":"2025-01-25T19:06:43.139Z"}
{"level":"info","message":"Successfully connected to DB: postgres@localhost:5432","timestamp":"2025-01-25T19:06:43.957Z"}
{"level":"info","message":"submitComment called by user: 58","timestamp":"2025-01-25T19:06:49.728Z"}
{"level":"info","message":"Successfully connected to DB: postgres@localhost:5432","timestamp":"2025-01-25T19:06:50.525Z"}
{"level":"info","message":"updateComment called by user: 58","timestamp":"2025-01-25T19:06:55.023Z"}
{"level":"info","message":"Successfully connected to DB: postgres@localhost:5432","timestamp":"2025-01-25T19:06:55.816Z"}
{"level":"info","message":"removeComment called by user: 58","timestamp":"2025-01-25T19:06:58.756Z"}
{"level":"info","message":"Successfully connected to DB: postgres@localhost:5432","timestamp":"2025-01-25T19:06:59.535Z"}
{"level":"info","message":"updateAgreementStatus called by user: 58","timestamp":"2025-01-25T19:07:08.503Z"}
{"level":"info","message":"Successfully connected to DB: postgres@localhost:5432","timestamp":"2025-01-25T19:07:09.311Z"}
{"level":"info","message":"updateAgreementStatus called by user: 58","timestamp":"2025-01-25T19:07:09.978Z"}
{"level":"info","message":"Successfully connected to DB: postgres@localhost:5432","timestamp":"2025-01-25T19:07:10.798Z"}
{"level":"info","message":"user accessing profile page, user_id: 58","timestamp":"2025-01-25T19:07:16.681Z"}
{"level":"info","message":"user accessing profile page, user_id: 58","timestamp":"2025-01-25T19:07:17.295Z"}
{"level":"info","message":"loadFeed called by user: 58","timestamp":"2025-01-25T19:07:17.298Z"}
{"level":"info","message":"Successfully connected to DB: postgres@localhost:5432","timestamp":"2025-01-25T19:07:17.309Z"}
{"level":"info","message":"getUserStats called by user: 58","timestamp":"2025-01-25T19:07:17.331Z"}
{"level":"info","message":"user accessing profile page, user_id: 58","timestamp":"2025-01-25T19:07:17.358Z"}
{"level":"info","message":"user accessing profile page, user_id: 58","timestamp":"2025-01-25T19:07:41.917Z"}
{"level":"info","message":"loadTable called by user: 58","timestamp":"2025-01-25T19:07:41.919Z"}
{"level":"info","message":"user accessing profile page, user_id: 58","timestamp":"2025-01-25T19:07:41.965Z"}
{"level":"info","message":"user accessing profile page, user_id: 58","timestamp":"2025-01-25T19:07:48.777Z"}
{"level":"info","message":"loadFeed called by user: 58","timestamp":"2025-01-25T19:07:48.778Z"}
{"level":"info","message":"loadFeed called by user: 58","timestamp":"2025-01-25T19:07:48.814Z"}
{"level":"info","message":"user accessing profile page, user_id: 58","timestamp":"2025-01-25T19:07:48.845Z"}
{"level":"info","message":"user accessing profile page, user_id: 58","timestamp":"2025-01-25T19:07:59.277Z"}
{"level":"info","message":"loadTable called by user: 58","timestamp":"2025-01-25T19:07:59.278Z"}
{"level":"info","message":"user accessing profile page, user_id: 58","timestamp":"2025-01-25T19:07:59.321Z"}
{"level":"info","message":"submitPost called by user: 58","timestamp":"2025-01-25T19:08:23.885Z"}
{"level":"info","message":"sanitizePostData called","timestamp":"2025-01-25T19:08:23.886Z"}
{"level":"info","message":"isValidTickerPrice called","timestamp":"2025-01-25T19:08:23.891Z"}
{"level":"error","message":"An error occurred in isValidTickerPrice: TypeError: result.find is not a function","timestamp":"2025-01-25T19:08:23.912Z"}
{"level":"info","message":"submitPost called by user: 58","timestamp":"2025-01-25T19:18:09.620Z"}
{"level":"info","message":"sanitizePostData called","timestamp":"2025-01-25T19:18:09.621Z"}
{"level":"info","message":"isValidTickerPrice called","timestamp":"2025-01-25T19:18:09.626Z"}
{"level":"info","message":"Successfully connected to DB: postgres@localhost:5432","timestamp":"2025-01-25T19:18:09.633Z"}
{"level":"error","message":"An error occurred in isValidTickerPrice: TypeError: result.find is not a function","timestamp":"2025-01-25T19:18:09.634Z"}
{"level":"info","message":"user accessing profile page, user_id: 58","timestamp":"2025-01-25T19:18:54.395Z"}
{"level":"info","message":"submitPost called by user: 58","timestamp":"2025-01-25T19:18:56.509Z"}
{"level":"info","message":"sanitizePostData called","timestamp":"2025-01-25T19:18:56.510Z"}
{"level":"info","message":"isValidTickerPrice called","timestamp":"2025-01-25T19:18:56.515Z"}
{"level":"info","message":"Successfully connected to DB: postgres@localhost:5432","timestamp":"2025-01-25T19:18:56.523Z"}
{"level":"error","message":"An error occurred in isValidTickerPrice: TypeError: result.find is not a function","timestamp":"2025-01-25T19:18:56.524Z"}
{"level":"info","message":"user accessing profile page, user_id: 58","timestamp":"2025-01-25T19:19:20.983Z"}
{"level":"info","message":"user accessing profile page, user_id: 58","timestamp":"2025-01-25T19:20:18.799Z"}
{"level":"info","message":"submitPost called by user: 58","timestamp":"2025-01-25T19:20:21.345Z"}
{"level":"info","message":"sanitizePostData called","timestamp":"2025-01-25T19:20:21.346Z"}
{"level":"info","message":"isValidTickerPrice called","timestamp":"2025-01-25T19:20:21.347Z"}
{"level":"info","message":"Successfully connected to DB: postgres@localhost:5432","timestamp":"2025-01-25T19:20:21.354Z"}
{"level":"error","message":"An error occurred in isValidTickerPrice: TypeError: result.find is not a function","timestamp":"2025-01-25T19:20:21.355Z"}
{"level":"info","message":"user accessing profile page, user_id: 58","timestamp":"2025-01-25T19:22:19.450Z"}
{"level":"info","message":"user accessing profile page, user_id: 58","timestamp":"2025-01-25T19:22:22.876Z"}
{"level":"info","message":"user accessing profile page, user_id: 58","timestamp":"2025-01-25T19:22:27.433Z"}
{"level":"info","message":"submitPost called by user: 58","timestamp":"2025-01-25T19:23:55.593Z"}
{"level":"info","message":"sanitizePostData called","timestamp":"2025-01-25T19:23:55.594Z"}
{"level":"info","message":"isValidTickerPrice called","timestamp":"2025-01-25T19:23:55.599Z"}
{"level":"info","message":"Successfully connected to DB: postgres@localhost:5432","timestamp":"2025-01-25T19:23:55.606Z"}
{"level":"info","message":"submitPost called by user: 58","timestamp":"2025-01-25T19:24:06.534Z"}
{"level":"info","message":"sanitizePostData called","timestamp":"2025-01-25T19:24:06.534Z"}
{"level":"info","message":"isValidTickerPrice called","timestamp":"2025-01-25T19:24:06.535Z"}
{"level":"info","message":"submitPost called by user: 58","timestamp":"2025-01-25T19:24:21.703Z"}
{"level":"info","message":"sanitizePostData called","timestamp":"2025-01-25T19:24:21.703Z"}
{"level":"info","message":"isValidTickerPrice called","timestamp":"2025-01-25T19:24:21.704Z"}
{"level":"info","message":"new post email sent to tim@example.com:","timestamp":"2025-01-25T19:24:23.379Z"}
{"level":"info","message":"user accessing profile page, user_id: 58","timestamp":"2025-01-25T19:24:23.729Z"}
{"level":"info","message":"user accessing profile page, user_id: 58","timestamp":"2025-01-25T19:24:25.592Z"}
{"level":"info","message":"loadTable called by user: 58","timestamp":"2025-01-25T19:24:25.596Z"}
{"level":"info","message":"Successfully connected to DB: postgres@localhost:5432","timestamp":"2025-01-25T19:24:25.609Z"}
{"level":"info","message":"getUserStats called by user: 58","timestamp":"2025-01-25T19:24:25.632Z"}
{"level":"info","message":"user accessing profile page, user_id: 58","timestamp":"2025-01-25T19:24:25.660Z"}
{"level":"info","message":"submitPost called by user: 58","timestamp":"2025-01-25T19:24:31.192Z"}
{"level":"info","message":"sanitizePostData called","timestamp":"2025-01-25T19:24:31.192Z"}
{"level":"info","message":"isValidTickerPrice called","timestamp":"2025-01-25T19:24:31.195Z"}
{"level":"info","message":"submitPost called by user: 58","timestamp":"2025-01-25T19:24:46.787Z"}
{"level":"info","message":"sanitizePostData called","timestamp":"2025-01-25T19:24:46.788Z"}
{"level":"info","message":"isValidTickerPrice called","timestamp":"2025-01-25T19:24:46.789Z"}
{"level":"error","message":"An error occurred in isValidTickerPrice: TypeError: Cannot read properties of undefined (reading 'close_price')","timestamp":"2025-01-25T19:24:46.812Z"}
{"level":"info","message":"submitPost called by user: 58","timestamp":"2025-01-25T19:25:54.748Z"}
{"level":"info","message":"sanitizePostData called","timestamp":"2025-01-25T19:25:54.749Z"}
{"level":"info","message":"isValidTickerPrice called","timestamp":"2025-01-25T19:25:54.750Z"}
{"level":"info","message":"Successfully connected to DB: postgres@localhost:5432","timestamp":"2025-01-25T19:25:54.756Z"}
{"level":"error","message":"An error occurred in isValidTickerPrice: TypeError: Cannot read properties of undefined (reading 'close_price')","timestamp":"2025-01-25T19:25:54.765Z"}
{"level":"info","message":"submitPost called by user: 58","timestamp":"2025-01-25T19:26:25.688Z"}
{"level":"info","message":"sanitizePostData called","timestamp":"2025-01-25T19:26:25.689Z"}
{"level":"info","message":"isValidTickerPrice called","timestamp":"2025-01-25T19:26:25.690Z"}
{"level":"info","message":"Successfully connected to DB: postgres@localhost:5432","timestamp":"2025-01-25T19:26:25.696Z"}
{"level":"error","message":"An error occurred in isValidTickerPrice: TypeError: Cannot read properties of undefined (reading 'close_price')","timestamp":"2025-01-25T19:26:25.703Z"}
{"level":"info","message":"submitPost called by user: 58","timestamp":"2025-01-25T19:26:50.398Z"}
{"level":"info","message":"sanitizePostData called","timestamp":"2025-01-25T19:26:50.398Z"}
{"level":"info","message":"isValidTickerPrice called","timestamp":"2025-01-25T19:26:50.399Z"}
{"level":"info","message":"Successfully connected to DB: postgres@localhost:5432","timestamp":"2025-01-25T19:26:50.405Z"}
{"level":"info","message":"submitPost called by user: 58","timestamp":"2025-01-25T19:27:13.632Z"}
{"level":"info","message":"sanitizePostData called","timestamp":"2025-01-25T19:27:13.632Z"}
{"level":"info","message":"isValidTickerPrice called","timestamp":"2025-01-25T19:27:13.634Z"}
{"level":"info","message":"submitPost called by user: 58","timestamp":"2025-01-25T19:27:23.213Z"}
{"level":"info","message":"sanitizePostData called","timestamp":"2025-01-25T19:27:23.214Z"}
{"level":"info","message":"isValidTickerPrice called","timestamp":"2025-01-25T19:27:23.215Z"}
{"level":"info","message":"submitPost called by user: 58","timestamp":"2025-01-25T19:27:37.218Z"}
{"level":"info","message":"sanitizePostData called","timestamp":"2025-01-25T19:27:37.218Z"}
{"level":"info","message":"isValidTickerPrice called","timestamp":"2025-01-25T19:27:37.219Z"}
{"level":"info","message":"new post email sent to tim@example.com:","timestamp":"2025-01-25T19:27:39.782Z"}
{"level":"info","message":"user accessing profile page, user_id: 58","timestamp":"2025-01-25T19:27:40.148Z"}
{"level":"info","message":"user accessing profile page, user_id: 58","timestamp":"2025-01-25T19:27:41.943Z"}
{"level":"info","message":"loadTable called by user: 58","timestamp":"2025-01-25T19:27:41.946Z"}
{"level":"info","message":"Successfully connected to DB: postgres@localhost:5432","timestamp":"2025-01-25T19:27:41.960Z"}
{"level":"info","message":"getUserStats called by user: 58","timestamp":"2025-01-25T19:27:41.982Z"}
{"level":"info","message":"user accessing profile page, user_id: 58","timestamp":"2025-01-25T19:27:42.013Z"}
{"level":"info","message":"isAuthenticated() called","timestamp":"2025-01-25T19:27:52.606Z"}
{"level":"info","message":"user accessing home page, user_id: 58","timestamp":"2025-01-25T19:27:52.612Z"}
{"level":"info","message":"Successfully connected to DB: postgres@localhost:5432","timestamp":"2025-01-25T19:27:52.621Z"}
{"level":"info","message":"isAuthenticated() called","timestamp":"2025-01-25T19:27:52.980Z"}
{"level":"info","message":"loadFeed called by user: 58","timestamp":"2025-01-25T19:27:52.987Z"}
{"level":"info","message":"user accessing home page, user_id: 58","timestamp":"2025-01-25T19:27:52.987Z"}
{"level":"info","message":"loadFeed called by user: 58","timestamp":"2025-01-25T19:27:53.025Z"}
{"level":"info","message":"isAuthenticated() called","timestamp":"2025-01-25T19:27:53.051Z"}
{"level":"info","message":"user accessing home page, user_id: 58","timestamp":"2025-01-25T19:27:53.055Z"}
{"level":"info","message":"user accessing article page: Why AAPL stock will be greater than 300.00 by market close on the 12th of December 2029","timestamp":"2025-01-25T19:27:54.062Z"}
{"level":"info","message":"fetchArticleBySlug called by user 58","timestamp":"2025-01-25T19:27:54.062Z"}
{"level":"info","message":"user accessing article page, generating metadata for: Why AAPL stock will be greater than 300.00 by market close on the 12th of December 2029","timestamp":"2025-01-25T19:27:54.063Z"}
{"level":"info","message":"Successfully connected to DB: postgres@localhost:5432","timestamp":"2025-01-25T19:27:54.877Z"}
{"level":"info","message":"removeComment called by user: 58","timestamp":"2025-01-25T19:27:59.702Z"}
{"level":"info","message":"Successfully connected to DB: postgres@localhost:5432","timestamp":"2025-01-25T19:28:00.489Z"}
{"level":"info","message":"getPriceByTickers called","timestamp":"2025-01-25T19:28:54.462Z"}
{"level":"info","message":"executing getTickerPrices...","timestamp":"2025-01-25T19:28:54.462Z"}
{"level":"info","message":"scheduling stock feed websocket...","timestamp":"2025-01-25T19:28:54.468Z"}
{"level":"info","message":"executing scheduleWebSocketLifecycle...","timestamp":"2025-01-25T19:28:54.468Z"}
{"level":"info","message":"executing checkAndScheduleWebSocket...","timestamp":"2025-01-25T19:28:54.468Z"}
{"level":"info","message":"Market is open. Ensuring WebSocket is connected.","timestamp":"2025-01-25T19:28:54.470Z"}
{"level":"info","message":"executing connectWebSocket... (already_connected: false)","timestamp":"2025-01-25T19:28:54.470Z"}
{"level":"info","message":"initializing stock feed","timestamp":"2025-01-25T19:28:54.470Z"}
{"level":"info","message":"WebSocket connection established.","timestamp":"2025-01-25T19:28:54.472Z"}
{"level":"info","message":"Scheduling WebSocket disconnection in 6425.532 seconds.","timestamp":"2025-01-25T19:28:54.473Z"}
{"level":"info","message":"Scheduling next day's stock websocket check in 34265.527 seconds.","timestamp":"2025-01-25T19:28:54.473Z"}
{"level":"info","message":"Subscribing to the minute aggregates channel for tickers","timestamp":"2025-01-25T19:28:55.045Z"}
{"level":"info","message":"Successfully connected to DB: postgres@localhost:5432","timestamp":"2025-01-25T19:28:55.273Z"}
{"level":"info","message":"WebSocket closed.","timestamp":"2025-01-25T19:28:59.945Z"}
{"level":"info","message":"getPriceByTickers called","timestamp":"2025-01-25T19:29:54.458Z"}
{"level":"info","message":"executing getTickerPrices...","timestamp":"2025-01-25T19:29:54.458Z"}
{"level":"info","message":"Successfully connected to DB: postgres@localhost:5432","timestamp":"2025-01-25T19:29:55.274Z"}
{"level":"info","message":"getPriceByTickers called","timestamp":"2025-01-25T19:30:54.455Z"}
{"level":"info","message":"executing getTickerPrices...","timestamp":"2025-01-25T19:30:54.455Z"}
{"level":"info","message":"Successfully connected to DB: postgres@localhost:5432","timestamp":"2025-01-25T19:30:55.260Z"}
{"level":"info","message":"getPriceByTickers called","timestamp":"2025-01-25T19:31:54.458Z"}
{"level":"info","message":"executing getTickerPrices...","timestamp":"2025-01-25T19:31:54.458Z"}
{"level":"info","message":"Successfully connected to DB: postgres@localhost:5432","timestamp":"2025-01-25T19:31:55.231Z"}
